+ NGPU=1
+ export LOG_RANK=0
+ LOG_RANK=0
+ MODULE=torchtitan.experiments.mixed_residual
+ CONFIG=mixed_residual_default
+ COMM_MODE=
+ TORCHFT_LIGHTHOUSE=http://localhost:29510
+ [[ -n '' ]]
+ '[' '' = fake_backend ']'
+ PYTORCH_ALLOC_CONF=expandable_segments:True
+ TORCHFT_LIGHTHOUSE=http://localhost:29510
+ torchrun --nproc_per_node=1 --rdzv_backend c10d --rdzv_endpoint=localhost:0 --local-ranks-filter 0 --role rank --tee 3 -m torchtitan.train --module torchtitan.experiments.mixed_residual --config mixed_residual_default --optimizer.param-groups.0.optimizer-kwargs.lr 3e-4 --debug.seed 0 --dump-folder ./outputs/mr_default_3e-4_s0
[rank0]:WARNING:absl:Failed to load jax profiler: cannot import name 'jaxlib_extension_version' from 'jax._src.lib' (/opt/sglang/lib/python3.12/site-packages/jax/_src/lib/__init__.py)
[rank0]:[titan] 2026-09-12 15:09:17,483 - root - INFO - torchtitan version: 0.0.0+unknown (0.0.0 means __version__ is not defined correctly).
[rank0]:[titan] 2026-09-12 15:09:17,487 - root - WARNING - initial_load_model_only=True has no effect without an initial_load_path.
[rank0]:[titan] 2026-09-12 15:09:17,540 - root - WARNING - initial_load_model_only=True has no effect without an initial_load_path.
[rank0]:[titan] 2026-09-12 15:09:17,541 - torchtitan.observability.structured_logger.jsonl_handler - INFO - Structured logging -> JSONL: /home/brayden/torchtitan/outputs/mr_default_3e-4_s0/structured_logs/training.global_rank_0.20260912-150917-F3SNED.jsonl
[rank0]:[titan] 2026-09-12 15:09:18,372 - root - INFO - Enabled BF16x9 emulation for FP32 CUDA matmuls
[rank0]:[titan] 2026-09-12 15:09:18,372 - root - WARNING - ENV[TORCH_NCCL_ASYNC_ERROR_HANDLING] = 1 will be overridden to 3 based on job config
[rank0]:[titan] 2026-09-12 15:09:19,008 - root - INFO - [GC] Initial GC collection took 0.00 seconds
[rank0]:[titan] 2026-09-12 15:09:19,010 - root - INFO - Building mixed_residual default
[rank0]:[titan] 2026-09-12 15:09:19,027 - root - INFO - CUDA capacity: NVIDIA B300 SXM6 AC with 267.68GiB memory
[rank0]:[titan] 2026-09-12 15:09:19,028 - root - WARNING - Error running lspci: [Errno 2] No such file or directory: 'lspci', fallback to use device_name
[rank0]:[titan] 2026-09-12 15:09:19,028 - root - INFO - Total parameter count: 76,375,552, active parameters: 50,643,968
[rank0]:[titan] 2026-09-12 15:09:19,028 - root - INFO - [34mModel mixed_residual default [31msize: 76,375,552 total parameters[39m
[rank0]:[titan] 2026-09-12 15:09:19,028 - root - INFO - Compiling the loss function with torch.compile
[rank0]:[titan] 2026-09-12 15:09:19,036 - root - INFO - Building device mesh with parallelism: pp=1, dp_replicate=1, dp_shard=1, cp=1, tp=1, ep=1
[rank0]:[titan] 2026-09-12 15:09:19,040 - root - INFO - Successfully created meshes with active dimensions: []
[rank0]:[titan] 2026-09-12 15:09:19,046 - root - INFO - Compiling each TransformerBlock with torch.compile
[rank0]:[titan] 2026-09-12 15:09:19,062 - root - INFO - Applied FSDP to the model
[rank0]:[titan] 2026-09-12 15:09:19,557 - root - WARNING - Error running lspci: [Errno 2] No such file or directory: 'lspci', fallback to use device_name
[rank0]:[titan] 2026-09-12 15:09:19,557 - root - INFO - Peak FLOPS used for computing MFU: 2.250e+15
[rank0]:[titan] 2026-09-12 15:09:19,557 - root - INFO - CUDA memory usage for model: 0.76GiB(0.28%)
[rank0]:[titan] 2026-09-12 15:09:19,557 - root - INFO - Optimizer AdamW (model_part=0): 59 params [.*] {'fused': True, 'foreach': False, 'lr': 0.0003, 'betas': (0.9, 0.95), 'eps': 1e-08, 'weight_decay': 0.1}
[rank0]:[titan] 2026-09-12 15:09:19,558 - root - INFO - Loading tokenizer from tokenizer.json
[rank0]:[titan] 2026-09-12 15:09:19,982 - httpx - INFO - HTTP Request: HEAD https://s3.amazonaws.com/datasets.huggingface.co/datasets/datasets/json/json.py "HTTP/1.1 200 OK"
[rank0]:[titan] 2026-09-12 15:09:20,093 - root - WARNING - initial_load_model_only=True has no effect without an initial_load_path.
[rank0]:[titan] 2026-09-12 15:09:20,093 - root - INFO - Trainer is initialized with 65536 tokens per DP rank, 65536 tokens per train step, gradient accumulation steps 1, maximum context length 256, total steps 1200 (warmup 100)
[rank0]:[titan] 2026-09-12 15:09:20,093 - root - INFO - Training starts at step 1
[rank0]:[titan] 2026-09-12 15:09:23,589 - root - INFO - [31mstep:  1  [32mloss: 11.30359  [38;2;180;60;0mgrad_norm:  5.7703  [38;2;54;234;195mmemory: 11.27GiB(4.21%)  [34mtps: 14,369  [36mtflops: 4.55  [35mmfu: 0.20%[39m
[rank0]:[titan] 2026-09-12 15:09:23,715 - httpx - INFO - HTTP Request: HEAD https://s3.amazonaws.com/datasets.huggingface.co/datasets/datasets/json/json.py "HTTP/1.1 200 OK"
[rank0]:[titan] 2026-09-12 15:09:29,976 - root - INFO - [33mvalidate step:  1  [32mloss: 11.2693  [38;2;54;234;195mmemory: 13.29GiB(4.97%)  [34mtps: 513,009[39m
[rank0]:[titan] 2026-09-12 15:09:29,978 - root - INFO - Synchronizing and adjusting timeout for all ProcessGroups to 0:01:40
[rank0]:[titan] 2026-09-12 15:09:30,404 - root - INFO - Recorded CUDA graph
[rank0]:[titan] 2026-09-12 15:09:35,722 - root - INFO - [GC] Performing periodic GC collection took 0.02 seconds
[rank0]:[titan] 2026-09-12 15:09:41,506 - root - INFO - [GC] Performing periodic GC collection took 0.01 seconds
[rank0]:[titan] 2026-09-12 15:09:41,742 - root - INFO - [31mstep: 100  [32mloss:  6.88116  [38;2;180;60;0mgrad_norm:  0.8132  [38;2;54;234;195mmemory: 13.39GiB(5.00%)  [34mtps: 551,491  [36mtflops: 174.52  [35mmfu: 7.76%[39m
[rank0]:[titan] 2026-09-12 15:09:47,400 - root - INFO - [GC] Performing periodic GC collection took 0.01 seconds
[rank0]:[titan] 2026-09-12 15:09:53,248 - root - INFO - [GC] Performing periodic GC collection took 0.01 seconds
[rank0]:[titan] 2026-09-12 15:09:53,460 - root - INFO - [31mstep: 200  [32mloss:  6.11728  [38;2;180;60;0mgrad_norm:  0.7848  [38;2;54;234;195mmemory: 11.38GiB(4.25%)  [34mtps: 559,260  [36mtflops: 176.98  [35mmfu: 7.87%[39m
[rank0]:[titan] 2026-09-12 15:09:59,176 - root - INFO - [GC] Performing periodic GC collection took 0.01 seconds
[rank0]:[titan] 2026-09-12 15:10:04,989 - root - INFO - [GC] Performing periodic GC collection took 0.01 seconds
[rank0]:[titan] 2026-09-12 15:10:05,200 - root - INFO - [31mstep: 300  [32mloss:  6.09790  [38;2;180;60;0mgrad_norm:  1.0067  [38;2;54;234;195mmemory: 11.38GiB(4.25%)  [34mtps: 558,256  [36mtflops: 176.66  [35mmfu: 7.85%[39m
[rank0]:[titan] 2026-09-12 15:10:10,850 - root - INFO - [GC] Performing periodic GC collection took 0.01 seconds
[rank0]:[titan] 2026-09-12 15:10:16,684 - root - INFO - [GC] Performing periodic GC collection took 0.01 seconds
[rank0]:[titan] 2026-09-12 15:10:16,897 - root - INFO - [31mstep: 400  [32mloss:  5.77597  [38;2;180;60;0mgrad_norm:  0.6962  [38;2;54;234;195mmemory: 11.38GiB(4.25%)  [34mtps: 560,297  [36mtflops: 177.30  [35mmfu: 7.88%[39m
[rank0]:[titan] 2026-09-12 15:10:22,617 - root - INFO - [GC] Performing periodic GC collection took 0.01 seconds
[rank0]:[titan] 2026-09-12 15:10:28,455 - root - INFO - [GC] Performing periodic GC collection took 0.01 seconds
[rank0]:[titan] 2026-09-12 15:10:28,669 - root - INFO - [31mstep: 500  [32mloss:  5.55446  [38;2;180;60;0mgrad_norm:  0.5709  [38;2;54;234;195mmemory: 11.38GiB(4.25%)  [34mtps: 556,737  [36mtflops: 176.18  [35mmfu: 7.83%[39m
[rank0]:[titan] 2026-09-12 15:10:34,315 - root - INFO - [GC] Performing periodic GC collection took 0.01 seconds
[rank0]:[titan] 2026-09-12 15:10:40,188 - root - INFO - [GC] Performing periodic GC collection took 0.01 seconds
[rank0]:[titan] 2026-09-12 15:10:40,399 - root - INFO - [31mstep: 600  [32mloss:  5.44624  [38;2;180;60;0mgrad_norm:  0.6269  [38;2;54;234;195mmemory: 11.38GiB(4.25%)  [34mtps: 558,720  [36mtflops: 176.81  [35mmfu: 7.86%[39m
[rank0]:[titan] 2026-09-12 15:10:46,041 - root - INFO - [GC] Performing periodic GC collection took 0.01 seconds
[rank0]:[titan] 2026-09-12 15:10:51,862 - root - INFO - [GC] Performing periodic GC collection took 0.01 seconds
[rank0]:[titan] 2026-09-12 15:10:52,074 - root - INFO - [31mstep: 700  [32mloss:  5.51110  [38;2;180;60;0mgrad_norm:  0.6377  [38;2;54;234;195mmemory: 11.38GiB(4.25%)  [34mtps: 561,336  [36mtflops: 177.63  [35mmfu: 7.89%[39m
[rank0]:[titan] 2026-09-12 15:10:57,683 - root - INFO - [GC] Performing periodic GC collection took 0.01 seconds
[rank0]:[titan] 2026-09-12 15:11:03,439 - root - INFO - [GC] Performing periodic GC collection took 0.01 seconds
[rank0]:[titan] 2026-09-12 15:11:03,653 - root - INFO - [31mstep: 800  [32mloss:  5.28847  [38;2;180;60;0mgrad_norm:  0.5603  [38;2;54;234;195mmemory: 11.38GiB(4.25%)  [34mtps: 566,006  [36mtflops: 179.11  [35mmfu: 7.96%[39m
[rank0]:[titan] 2026-09-12 15:11:09,288 - root - INFO - [GC] Performing periodic GC collection took 0.01 seconds
[rank0]:[titan] 2026-09-12 15:11:15,053 - root - INFO - [GC] Performing periodic GC collection took 0.01 seconds
[rank0]:[titan] 2026-09-12 15:11:15,288 - root - INFO - [31mstep: 900  [32mloss:  5.08056  [38;2;180;60;0mgrad_norm:  0.5675  [38;2;54;234;195mmemory: 11.38GiB(4.25%)  [34mtps: 563,271  [36mtflops: 178.25  [35mmfu: 7.92%[39m
[rank0]:[titan] 2026-09-12 15:11:20,928 - root - INFO - [GC] Performing periodic GC collection took 0.01 seconds
[rank0]:[titan] 2026-09-12 15:11:26,703 - root - INFO - [GC] Performing periodic GC collection took 0.01 seconds
[rank0]:[titan] 2026-09-12 15:11:26,938 - root - INFO - [31mstep: 1000  [32mloss:  5.26872  [38;2;180;60;0mgrad_norm:  0.5793  [38;2;54;234;195mmemory: 11.38GiB(4.25%)  [34mtps: 562,588  [36mtflops: 178.03  [35mmfu: 7.91%[39m
[rank0]:[titan] 2026-09-12 15:11:32,545 - root - INFO - [GC] Performing periodic GC collection took 0.01 seconds
[rank0]:[titan] 2026-09-12 15:11:38,339 - root - INFO - [GC] Performing periodic GC collection took 0.01 seconds
[rank0]:[titan] 2026-09-12 15:11:38,552 - root - INFO - [31mstep: 1100  [32mloss:  5.07856  [38;2;180;60;0mgrad_norm:  0.5066  [38;2;54;234;195mmemory: 11.38GiB(4.25%)  [34mtps: 564,275  [36mtflops: 178.56  [35mmfu: 7.94%[39m
[rank0]:[titan] 2026-09-12 15:11:44,138 - root - INFO - [GC] Performing periodic GC collection took 0.01 seconds
[rank0]:[titan] 2026-09-12 15:11:49,955 - root - INFO - [GC] Performing periodic GC collection took 0.01 seconds
[rank0]:[titan] 2026-09-12 15:11:50,186 - root - INFO - [31mstep: 1200  [32mloss:  5.09805  [38;2;180;60;0mgrad_norm:  0.5933  [38;2;54;234;195mmemory: 11.38GiB(4.25%)  [34mtps: 563,353  [36mtflops: 178.27  [35mmfu: 7.92%[39m
[rank0]:[titan] 2026-09-12 15:11:50,555 - httpx - INFO - HTTP Request: HEAD https://s3.amazonaws.com/datasets.huggingface.co/datasets/datasets/json/json.py "HTTP/1.1 200 OK"
[rank0]:[titan] 2026-09-12 15:11:55,371 - root - INFO - [33mvalidate step: 1200  [32mloss:  5.1638  [38;2;54;234;195mmemory: 13.40GiB(5.01%)  [34mtps: 631,961[39m
[rank0]:[titan] 2026-09-12 15:11:55,373 - root - INFO - Sleeping 2 seconds for other ranks to complete
[rank0]:[titan] 2026-09-12 15:11:57,373 - root - INFO - Training completed
[rank0]:[titan] 2026-09-12 15:11:57,553 - root - INFO - Process group destroyed
