+ NGPU=1
+ export LOG_RANK=0
+ LOG_RANK=0
+ MODULE=torchtitan.experiments.mixed_residual
+ CONFIG=mixed_residual_default
+ COMM_MODE=
+ TORCHFT_LIGHTHOUSE=http://localhost:29510
+ [[ -n '' ]]
+ '[' '' = fake_backend ']'
+ PYTORCH_ALLOC_CONF=expandable_segments:True
+ TORCHFT_LIGHTHOUSE=http://localhost:29510
+ torchrun --nproc_per_node=1 --rdzv_backend c10d --rdzv_endpoint=localhost:0 --local-ranks-filter 0 --role rank --tee 3 -m torchtitan.train --module torchtitan.experiments.mixed_residual --config mixed_residual_default --optimizer.param-groups.0.optimizer-kwargs.lr 3e-3 --debug.seed 1 --dump-folder ./outputs/mr_default_3e-3_s1
[rank0]:WARNING:absl:Failed to load jax profiler: cannot import name 'jaxlib_extension_version' from 'jax._src.lib' (/opt/sglang/lib/python3.12/site-packages/jax/_src/lib/__init__.py)
[rank0]:[titan] 2026-09-12 15:12:13,359 - root - INFO - torchtitan version: 0.0.0+unknown (0.0.0 means __version__ is not defined correctly).
[rank0]:[titan] 2026-09-12 15:12:13,363 - root - WARNING - initial_load_model_only=True has no effect without an initial_load_path.
[rank0]:[titan] 2026-09-12 15:12:13,416 - root - WARNING - initial_load_model_only=True has no effect without an initial_load_path.
[rank0]:[titan] 2026-09-12 15:12:13,417 - torchtitan.observability.structured_logger.jsonl_handler - INFO - Structured logging -> JSONL: /home/brayden/torchtitan/outputs/mr_default_3e-3_s1/structured_logs/training.global_rank_0.20260912-151213-PDJM6C.jsonl
[rank0]:[titan] 2026-09-12 15:12:15,591 - root - INFO - Enabled BF16x9 emulation for FP32 CUDA matmuls
[rank0]:[titan] 2026-09-12 15:12:15,592 - root - WARNING - ENV[TORCH_NCCL_ASYNC_ERROR_HANDLING] = 1 will be overridden to 3 based on job config
[rank0]:[titan] 2026-09-12 15:12:16,212 - root - INFO - [GC] Initial GC collection took 0.00 seconds
[rank0]:[titan] 2026-09-12 15:12:16,214 - root - INFO - Building mixed_residual default
[rank0]:[titan] 2026-09-12 15:12:16,231 - root - INFO - CUDA capacity: NVIDIA B300 SXM6 AC with 267.68GiB memory
[rank0]:[titan] 2026-09-12 15:12:16,231 - root - WARNING - Error running lspci: [Errno 2] No such file or directory: 'lspci', fallback to use device_name
[rank0]:[titan] 2026-09-12 15:12:16,232 - root - INFO - Total parameter count: 76,375,552, active parameters: 50,643,968
[rank0]:[titan] 2026-09-12 15:12:16,232 - root - INFO - [34mModel mixed_residual default [31msize: 76,375,552 total parameters[39m
[rank0]:[titan] 2026-09-12 15:12:16,232 - root - INFO - Compiling the loss function with torch.compile
[rank0]:[titan] 2026-09-12 15:12:16,239 - root - INFO - Building device mesh with parallelism: pp=1, dp_replicate=1, dp_shard=1, cp=1, tp=1, ep=1
[rank0]:[titan] 2026-09-12 15:12:16,243 - root - INFO - Successfully created meshes with active dimensions: []
[rank0]:[titan] 2026-09-12 15:12:16,249 - root - INFO - Compiling each TransformerBlock with torch.compile
[rank0]:[titan] 2026-09-12 15:12:16,264 - root - INFO - Applied FSDP to the model
[rank0]:[titan] 2026-09-12 15:12:16,876 - root - WARNING - Error running lspci: [Errno 2] No such file or directory: 'lspci', fallback to use device_name
[rank0]:[titan] 2026-09-12 15:12:16,876 - root - INFO - Peak FLOPS used for computing MFU: 2.250e+15
[rank0]:[titan] 2026-09-12 15:12:16,876 - root - INFO - CUDA memory usage for model: 0.76GiB(0.28%)
[rank0]:[titan] 2026-09-12 15:12:16,877 - root - INFO - Optimizer AdamW (model_part=0): 59 params [.*] {'fused': True, 'foreach': False, 'lr': 0.003, 'betas': (0.9, 0.95), 'eps': 1e-08, 'weight_decay': 0.1}
[rank0]:[titan] 2026-09-12 15:12:16,877 - root - INFO - Loading tokenizer from tokenizer.json
[rank0]:[titan] 2026-09-12 15:12:17,269 - httpx - INFO - HTTP Request: HEAD https://s3.amazonaws.com/datasets.huggingface.co/datasets/datasets/json/json.py "HTTP/1.1 200 OK"
[rank0]:[titan] 2026-09-12 15:12:17,380 - root - WARNING - initial_load_model_only=True has no effect without an initial_load_path.
[rank0]:[titan] 2026-09-12 15:12:17,380 - root - INFO - Trainer is initialized with 65536 tokens per DP rank, 65536 tokens per train step, gradient accumulation steps 1, maximum context length 256, total steps 1200 (warmup 100)
[rank0]:[titan] 2026-09-12 15:12:17,380 - root - INFO - Training starts at step 1
[rank0]:[titan] 2026-09-12 15:12:19,985 - root - INFO - [31mstep:  1  [32mloss: 11.29001  [38;2;180;60;0mgrad_norm:  6.1658  [38;2;54;234;195mmemory: 11.27GiB(4.21%)  [34mtps: 17,462  [36mtflops: 5.53  [35mmfu: 0.25%[39m
[rank0]:[titan] 2026-09-12 15:12:20,104 - httpx - INFO - HTTP Request: HEAD https://s3.amazonaws.com/datasets.huggingface.co/datasets/datasets/json/json.py "HTTP/1.1 200 OK"
[rank0]:[titan] 2026-09-12 15:12:25,848 - root - INFO - [33mvalidate step:  1  [32mloss: 11.0325  [38;2;54;234;195mmemory: 13.29GiB(4.97%)  [34mtps: 558,879[39m
[rank0]:[titan] 2026-09-12 15:12:25,850 - root - INFO - Synchronizing and adjusting timeout for all ProcessGroups to 0:01:40
[rank0]:[titan] 2026-09-12 15:12:26,184 - root - INFO - Recorded CUDA graph
[rank0]:[titan] 2026-09-12 15:12:31,493 - root - INFO - [GC] Performing periodic GC collection took 0.02 seconds
[rank0]:[titan] 2026-09-12 15:12:37,245 - root - INFO - [GC] Performing periodic GC collection took 0.01 seconds
[rank0]:[titan] 2026-09-12 15:12:37,474 - root - INFO - [31mstep: 100  [32mloss:  6.32715  [38;2;180;60;0mgrad_norm:  0.4127  [38;2;54;234;195mmemory: 13.39GiB(5.00%)  [34mtps: 558,109  [36mtflops: 176.61  [35mmfu: 7.85%[39m
[rank0]:[titan] 2026-09-12 15:12:43,078 - root - INFO - [GC] Performing periodic GC collection took 0.01 seconds
[rank0]:[titan] 2026-09-12 15:12:48,875 - root - INFO - [GC] Performing periodic GC collection took 0.01 seconds
[rank0]:[titan] 2026-09-12 15:12:49,086 - root - INFO - [31mstep: 200  [32mloss:  5.74012  [38;2;180;60;0mgrad_norm:  0.3477  [38;2;54;234;195mmemory: 11.38GiB(4.25%)  [34mtps: 564,383  [36mtflops: 178.60  [35mmfu: 7.94%[39m
[rank0]:[titan] 2026-09-12 15:12:54,745 - root - INFO - [GC] Performing periodic GC collection took 0.01 seconds
[rank0]:[titan] 2026-09-12 15:13:00,496 - root - INFO - [GC] Performing periodic GC collection took 0.01 seconds
[rank0]:[titan] 2026-09-12 15:13:00,706 - root - INFO - [31mstep: 300  [32mloss:  5.81662  [38;2;180;60;0mgrad_norm:  0.3340  [38;2;54;234;195mmemory: 11.38GiB(4.25%)  [34mtps: 563,994  [36mtflops: 178.47  [35mmfu: 7.93%[39m
[rank0]:[titan] 2026-09-12 15:13:06,296 - root - INFO - [GC] Performing periodic GC collection took 0.01 seconds
[rank0]:[titan] 2026-09-12 15:13:12,070 - root - INFO - [GC] Performing periodic GC collection took 0.01 seconds
[rank0]:[titan] 2026-09-12 15:13:12,281 - root - INFO - [31mstep: 400  [32mloss:  5.42964  [38;2;180;60;0mgrad_norm:  0.2001  [38;2;54;234;195mmemory: 11.38GiB(4.25%)  [34mtps: 566,235  [36mtflops: 179.18  [35mmfu: 7.96%[39m
[rank0]:[titan] 2026-09-12 15:13:17,894 - root - INFO - [GC] Performing periodic GC collection took 0.01 seconds
[rank0]:[titan] 2026-09-12 15:13:23,667 - root - INFO - [GC] Performing periodic GC collection took 0.01 seconds
[rank0]:[titan] 2026-09-12 15:13:23,882 - root - INFO - [31mstep: 500  [32mloss:  5.21532  [38;2;180;60;0mgrad_norm:  0.1881  [38;2;54;234;195mmemory: 11.38GiB(4.25%)  [34mtps: 564,915  [36mtflops: 178.77  [35mmfu: 7.95%[39m
[rank0]:[titan] 2026-09-12 15:13:29,435 - root - INFO - [GC] Performing periodic GC collection took 0.01 seconds
[rank0]:[titan] 2026-09-12 15:13:35,221 - root - INFO - [GC] Performing periodic GC collection took 0.01 seconds
[rank0]:[titan] 2026-09-12 15:13:35,433 - root - INFO - [31mstep: 600  [32mloss:  5.08571  [38;2;180;60;0mgrad_norm:  0.1595  [38;2;54;234;195mmemory: 11.38GiB(4.25%)  [34mtps: 567,393  [36mtflops: 179.55  [35mmfu: 7.98%[39m
[rank0]:[titan] 2026-09-12 15:13:41,006 - root - INFO - [GC] Performing periodic GC collection took 0.01 seconds
[rank0]:[titan] 2026-09-12 15:13:46,763 - root - INFO - [GC] Performing periodic GC collection took 0.01 seconds
[rank0]:[titan] 2026-09-12 15:13:46,978 - root - INFO - [31mstep: 700  [32mloss:  5.10833  [38;2;180;60;0mgrad_norm:  0.1700  [38;2;54;234;195mmemory: 11.38GiB(4.25%)  [34mtps: 567,670  [36mtflops: 179.64  [35mmfu: 7.98%[39m
[rank0]:[titan] 2026-09-12 15:13:52,554 - root - INFO - [GC] Performing periodic GC collection took 0.01 seconds
[rank0]:[titan] 2026-09-12 15:13:58,300 - root - INFO - [GC] Performing periodic GC collection took 0.01 seconds
[rank0]:[titan] 2026-09-12 15:13:58,513 - root - INFO - [31mstep: 800  [32mloss:  4.88814  [38;2;180;60;0mgrad_norm:  0.1504  [38;2;54;234;195mmemory: 11.38GiB(4.25%)  [34mtps: 568,127  [36mtflops: 179.78  [35mmfu: 7.99%[39m
[rank0]:[titan] 2026-09-12 15:14:04,117 - root - INFO - [GC] Performing periodic GC collection took 0.01 seconds
[rank0]:[titan] 2026-09-12 15:14:09,827 - root - INFO - [GC] Performing periodic GC collection took 0.01 seconds
[rank0]:[titan] 2026-09-12 15:14:10,054 - root - INFO - [31mstep: 900  [32mloss:  4.65956  [38;2;180;60;0mgrad_norm:  0.1654  [38;2;54;234;195mmemory: 11.38GiB(4.25%)  [34mtps: 567,867  [36mtflops: 179.70  [35mmfu: 7.99%[39m
[rank0]:[titan] 2026-09-12 15:14:15,633 - root - INFO - [GC] Performing periodic GC collection took 0.01 seconds
[rank0]:[titan] 2026-09-12 15:14:21,384 - root - INFO - [GC] Performing periodic GC collection took 0.01 seconds
[rank0]:[titan] 2026-09-12 15:14:21,610 - root - INFO - [31mstep: 1000  [32mloss:  4.82811  [38;2;180;60;0mgrad_norm:  0.1531  [38;2;54;234;195mmemory: 11.38GiB(4.25%)  [34mtps: 567,160  [36mtflops: 179.48  [35mmfu: 7.98%[39m
[rank0]:[titan] 2026-09-12 15:14:27,174 - root - INFO - [GC] Performing periodic GC collection took 0.01 seconds
[rank0]:[titan] 2026-09-12 15:14:32,913 - root - INFO - [GC] Performing periodic GC collection took 0.01 seconds
[rank0]:[titan] 2026-09-12 15:14:33,123 - root - INFO - [31mstep: 1100  [32mloss:  4.64810  [38;2;180;60;0mgrad_norm:  0.1344  [38;2;54;234;195mmemory: 11.38GiB(4.25%)  [34mtps: 569,220  [36mtflops: 180.13  [35mmfu: 8.01%[39m
[rank0]:[titan] 2026-09-12 15:14:38,662 - root - INFO - [GC] Performing periodic GC collection took 0.01 seconds
[rank0]:[titan] 2026-09-12 15:14:44,465 - root - INFO - [GC] Performing periodic GC collection took 0.01 seconds
[rank0]:[titan] 2026-09-12 15:14:44,693 - root - INFO - [31mstep: 1200  [32mloss:  4.64373  [38;2;180;60;0mgrad_norm:  0.1600  [38;2;54;234;195mmemory: 11.38GiB(4.25%)  [34mtps: 566,474  [36mtflops: 179.26  [35mmfu: 7.97%[39m
[rank0]:[titan] 2026-09-12 15:14:45,078 - httpx - INFO - HTTP Request: HEAD https://s3.amazonaws.com/datasets.huggingface.co/datasets/datasets/json/json.py "HTTP/1.1 200 OK"
[rank0]:[titan] 2026-09-12 15:14:50,203 - root - INFO - [33mvalidate step: 1200  [32mloss:  4.6896  [38;2;54;234;195mmemory: 13.40GiB(5.01%)  [34mtps: 594,707[39m
[rank0]:[titan] 2026-09-12 15:14:50,204 - root - INFO - Sleeping 2 seconds for other ranks to complete
[rank0]:[titan] 2026-09-12 15:14:52,204 - root - INFO - Training completed
[rank0]:[titan] 2026-09-12 15:14:52,269 - root - INFO - Process group destroyed
