+ NGPU=1
+ export LOG_RANK=0
+ LOG_RANK=0
+ MODULE=torchtitan.experiments.mixed_residual
+ CONFIG=mixed_residual_default
+ COMM_MODE=
+ TORCHFT_LIGHTHOUSE=http://localhost:29510
+ [[ -n '' ]]
+ '[' '' = fake_backend ']'
+ PYTORCH_ALLOC_CONF=expandable_segments:True
+ TORCHFT_LIGHTHOUSE=http://localhost:29510
+ torchrun --nproc_per_node=1 --rdzv_backend c10d --rdzv_endpoint=localhost:0 --local-ranks-filter 0 --role rank --tee 3 -m torchtitan.train --module torchtitan.experiments.mixed_residual --config mixed_residual_default --optimizer.param-groups.0.optimizer-kwargs.lr 3e-2 --debug.seed 1 --dump-folder ./outputs/mr_default_3e-2_s1
[rank0]:WARNING:absl:Failed to load jax profiler: cannot import name 'jaxlib_extension_version' from 'jax._src.lib' (/opt/sglang/lib/python3.12/site-packages/jax/_src/lib/__init__.py)
[rank0]:[titan] 2026-09-12 15:15:12,893 - root - INFO - torchtitan version: 0.0.0+unknown (0.0.0 means __version__ is not defined correctly).
[rank0]:[titan] 2026-09-12 15:15:12,897 - root - WARNING - initial_load_model_only=True has no effect without an initial_load_path.
[rank0]:[titan] 2026-09-12 15:15:12,950 - root - WARNING - initial_load_model_only=True has no effect without an initial_load_path.
[rank0]:[titan] 2026-09-12 15:15:12,951 - torchtitan.observability.structured_logger.jsonl_handler - INFO - Structured logging -> JSONL: /home/brayden/torchtitan/outputs/mr_default_3e-2_s1/structured_logs/training.global_rank_0.20260912-151512-YVM3NR.jsonl
[rank0]:[titan] 2026-09-12 15:15:13,704 - root - INFO - Enabled BF16x9 emulation for FP32 CUDA matmuls
[rank0]:[titan] 2026-09-12 15:15:13,704 - root - WARNING - ENV[TORCH_NCCL_ASYNC_ERROR_HANDLING] = 1 will be overridden to 3 based on job config
[rank0]:[titan] 2026-09-12 15:15:14,585 - root - INFO - [GC] Initial GC collection took 0.00 seconds
[rank0]:[titan] 2026-09-12 15:15:14,588 - root - INFO - Building mixed_residual default
[rank0]:[titan] 2026-09-12 15:15:14,605 - root - INFO - CUDA capacity: NVIDIA B300 SXM6 AC with 267.68GiB memory
[rank0]:[titan] 2026-09-12 15:15:14,606 - root - WARNING - Error running lspci: [Errno 2] No such file or directory: 'lspci', fallback to use device_name
[rank0]:[titan] 2026-09-12 15:15:14,606 - root - INFO - Total parameter count: 76,375,552, active parameters: 50,643,968
[rank0]:[titan] 2026-09-12 15:15:14,606 - root - INFO - [34mModel mixed_residual default [31msize: 76,375,552 total parameters[39m
[rank0]:[titan] 2026-09-12 15:15:14,606 - root - INFO - Compiling the loss function with torch.compile
[rank0]:[titan] 2026-09-12 15:15:14,614 - root - INFO - Building device mesh with parallelism: pp=1, dp_replicate=1, dp_shard=1, cp=1, tp=1, ep=1
[rank0]:[titan] 2026-09-12 15:15:14,618 - root - INFO - Successfully created meshes with active dimensions: []
[rank0]:[titan] 2026-09-12 15:15:14,624 - root - INFO - Compiling each TransformerBlock with torch.compile
[rank0]:[titan] 2026-09-12 15:15:14,640 - root - INFO - Applied FSDP to the model
[rank0]:[titan] 2026-09-12 15:15:15,186 - root - WARNING - Error running lspci: [Errno 2] No such file or directory: 'lspci', fallback to use device_name
[rank0]:[titan] 2026-09-12 15:15:15,186 - root - INFO - Peak FLOPS used for computing MFU: 2.250e+15
[rank0]:[titan] 2026-09-12 15:15:15,186 - root - INFO - CUDA memory usage for model: 0.76GiB(0.28%)
[rank0]:[titan] 2026-09-12 15:15:15,187 - root - INFO - Optimizer AdamW (model_part=0): 59 params [.*] {'fused': True, 'foreach': False, 'lr': 0.03, 'betas': (0.9, 0.95), 'eps': 1e-08, 'weight_decay': 0.1}
[rank0]:[titan] 2026-09-12 15:15:15,187 - root - INFO - Loading tokenizer from tokenizer.json
[rank0]:[titan] 2026-09-12 15:15:15,606 - httpx - INFO - HTTP Request: HEAD https://s3.amazonaws.com/datasets.huggingface.co/datasets/datasets/json/json.py "HTTP/1.1 200 OK"
[rank0]:[titan] 2026-09-12 15:15:15,719 - root - WARNING - initial_load_model_only=True has no effect without an initial_load_path.
[rank0]:[titan] 2026-09-12 15:15:15,720 - root - INFO - Trainer is initialized with 65536 tokens per DP rank, 65536 tokens per train step, gradient accumulation steps 1, maximum context length 256, total steps 1200 (warmup 100)
[rank0]:[titan] 2026-09-12 15:15:15,720 - root - INFO - Training starts at step 1
[rank0]:[titan] 2026-09-12 15:15:18,327 - root - INFO - [31mstep:  1  [32mloss: 11.29001  [38;2;180;60;0mgrad_norm:  6.1658  [38;2;54;234;195mmemory: 11.27GiB(4.21%)  [34mtps: 17,611  [36mtflops: 5.57  [35mmfu: 0.25%[39m
[rank0]:[titan] 2026-09-12 15:15:18,447 - httpx - INFO - HTTP Request: HEAD https://s3.amazonaws.com/datasets.huggingface.co/datasets/datasets/json/json.py "HTTP/1.1 200 OK"
[rank0]:[titan] 2026-09-12 15:15:24,036 - root - INFO - [33mvalidate step:  1  [32mloss: 10.1698  [38;2;54;234;195mmemory: 13.29GiB(4.97%)  [34mtps: 574,040[39m
[rank0]:[titan] 2026-09-12 15:15:24,037 - root - INFO - Synchronizing and adjusting timeout for all ProcessGroups to 0:01:40
[rank0]:[titan] 2026-09-12 15:15:24,505 - root - INFO - Recorded CUDA graph
[rank0]:[titan] 2026-09-12 15:15:29,787 - root - INFO - [GC] Performing periodic GC collection took 0.02 seconds
[rank0]:[titan] 2026-09-12 15:15:35,513 - root - INFO - [GC] Performing periodic GC collection took 0.01 seconds
[rank0]:[titan] 2026-09-12 15:15:35,742 - root - INFO - [31mstep: 100  [32mloss:  6.86116  [38;2;180;60;0mgrad_norm:  0.1341  [38;2;54;234;195mmemory: 13.39GiB(5.00%)  [34mtps: 554,271  [36mtflops: 175.40  [35mmfu: 7.80%[39m
[rank0]:[titan] 2026-09-12 15:15:41,324 - root - INFO - [GC] Performing periodic GC collection took 0.01 seconds
[rank0]:[titan] 2026-09-12 15:15:47,100 - root - INFO - [GC] Performing periodic GC collection took 0.01 seconds
[rank0]:[titan] 2026-09-12 15:15:47,312 - root - INFO - [31mstep: 200  [32mloss:  6.72451  [38;2;180;60;0mgrad_norm:  0.3336  [38;2;54;234;195mmemory: 11.38GiB(4.25%)  [34mtps: 566,435  [36mtflops: 179.25  [35mmfu: 7.97%[39m
[rank0]:[titan] 2026-09-12 15:15:52,954 - root - INFO - [GC] Performing periodic GC collection took 0.01 seconds
[rank0]:[titan] 2026-09-12 15:15:58,684 - root - INFO - [GC] Performing periodic GC collection took 0.01 seconds
[rank0]:[titan] 2026-09-12 15:15:58,896 - root - INFO - [31mstep: 300  [32mloss:  6.97902  [38;2;180;60;0mgrad_norm:  1.0459  [38;2;54;234;195mmemory: 11.38GiB(4.25%)  [34mtps: 565,775  [36mtflops: 179.04  [35mmfu: 7.96%[39m
[rank0]:[titan] 2026-09-12 15:16:04,467 - root - INFO - [GC] Performing periodic GC collection took 0.01 seconds
[rank0]:[titan] 2026-09-12 15:16:10,226 - root - INFO - [GC] Performing periodic GC collection took 0.01 seconds
[rank0]:[titan] 2026-09-12 15:16:10,439 - root - INFO - [31mstep: 400  [32mloss:  6.87156  [38;2;180;60;0mgrad_norm:  0.9001  [38;2;54;234;195mmemory: 11.38GiB(4.25%)  [34mtps: 567,752  [36mtflops: 179.66  [35mmfu: 7.99%[39m
[rank0]:[titan] 2026-09-12 15:16:16,036 - root - INFO - [GC] Performing periodic GC collection took 0.01 seconds
[rank0]:[titan] 2026-09-12 15:16:21,809 - root - INFO - [GC] Performing periodic GC collection took 0.01 seconds
[rank0]:[titan] 2026-09-12 15:16:22,025 - root - INFO - [31mstep: 500  [32mloss:  6.82307  [38;2;180;60;0mgrad_norm:  0.9556  [38;2;54;234;195mmemory: 11.38GiB(4.25%)  [34mtps: 565,656  [36mtflops: 179.00  [35mmfu: 7.96%[39m
[rank0]:[titan] 2026-09-12 15:16:27,585 - root - INFO - [GC] Performing periodic GC collection took 0.01 seconds
[rank0]:[titan] 2026-09-12 15:16:33,368 - root - INFO - [GC] Performing periodic GC collection took 0.01 seconds
[rank0]:[titan] 2026-09-12 15:16:33,583 - root - INFO - [31mstep: 600  [32mloss:  6.58596  [38;2;180;60;0mgrad_norm:  0.5997  [38;2;54;234;195mmemory: 11.38GiB(4.25%)  [34mtps: 567,016  [36mtflops: 179.43  [35mmfu: 7.97%[39m
[rank0]:[titan] 2026-09-12 15:16:39,150 - root - INFO - [GC] Performing periodic GC collection took 0.01 seconds
[rank0]:[titan] 2026-09-12 15:16:44,913 - root - INFO - [GC] Performing periodic GC collection took 0.01 seconds
[rank0]:[titan] 2026-09-12 15:16:45,129 - root - INFO - [31mstep: 700  [32mloss:  6.65532  [38;2;180;60;0mgrad_norm:  0.3691  [38;2;54;234;195mmemory: 11.38GiB(4.25%)  [34mtps: 567,621  [36mtflops: 179.62  [35mmfu: 7.98%[39m
[rank0]:[titan] 2026-09-12 15:16:50,699 - root - INFO - [GC] Performing periodic GC collection took 0.01 seconds
[rank0]:[titan] 2026-09-12 15:16:56,442 - root - INFO - [GC] Performing periodic GC collection took 0.01 seconds
[rank0]:[titan] 2026-09-12 15:16:56,657 - root - INFO - [31mstep: 800  [32mloss:  6.35516  [38;2;180;60;0mgrad_norm:  0.3136  [38;2;54;234;195mmemory: 11.38GiB(4.25%)  [34mtps: 568,527  [36mtflops: 179.91  [35mmfu: 8.00%[39m
[rank0]:[titan] 2026-09-12 15:17:02,265 - root - INFO - [GC] Performing periodic GC collection took 0.01 seconds
[rank0]:[titan] 2026-09-12 15:17:07,980 - root - INFO - [GC] Performing periodic GC collection took 0.01 seconds
[rank0]:[titan] 2026-09-12 15:17:08,209 - root - INFO - [31mstep: 900  [32mloss:  6.09545  [38;2;180;60;0mgrad_norm:  0.1905  [38;2;54;234;195mmemory: 11.38GiB(4.25%)  [34mtps: 567,341  [36mtflops: 179.53  [35mmfu: 7.98%[39m
[rank0]:[titan] 2026-09-12 15:17:13,786 - root - INFO - [GC] Performing periodic GC collection took 0.01 seconds
[rank0]:[titan] 2026-09-12 15:17:19,536 - root - INFO - [GC] Performing periodic GC collection took 0.01 seconds
[rank0]:[titan] 2026-09-12 15:17:19,763 - root - INFO - [31mstep: 1000  [32mloss:  6.19002  [38;2;180;60;0mgrad_norm:  0.2543  [38;2;54;234;195mmemory: 11.38GiB(4.25%)  [34mtps: 567,202  [36mtflops: 179.49  [35mmfu: 7.98%[39m
[rank0]:[titan] 2026-09-12 15:17:25,327 - root - INFO - [GC] Performing periodic GC collection took 0.01 seconds
[rank0]:[titan] 2026-09-12 15:17:31,090 - root - INFO - [GC] Performing periodic GC collection took 0.01 seconds
[rank0]:[titan] 2026-09-12 15:17:31,305 - root - INFO - [31mstep: 1100  [32mloss:  5.97489  [38;2;180;60;0mgrad_norm:  0.1262  [38;2;54;234;195mmemory: 11.38GiB(4.25%)  [34mtps: 567,796  [36mtflops: 179.68  [35mmfu: 7.99%[39m
[rank0]:[titan] 2026-09-12 15:17:36,871 - root - INFO - [GC] Performing periodic GC collection took 0.01 seconds
[rank0]:[titan] 2026-09-12 15:17:42,711 - root - INFO - [GC] Performing periodic GC collection took 0.01 seconds
[rank0]:[titan] 2026-09-12 15:17:42,946 - root - INFO - [31mstep: 1200  [32mloss:  5.99137  [38;2;180;60;0mgrad_norm:  0.1353  [38;2;54;234;195mmemory: 11.38GiB(4.25%)  [34mtps: 563,007  [36mtflops: 178.16  [35mmfu: 7.92%[39m
[rank0]:[titan] 2026-09-12 15:17:43,324 - httpx - INFO - HTTP Request: HEAD https://s3.amazonaws.com/datasets.huggingface.co/datasets/datasets/json/json.py "HTTP/1.1 200 OK"
[rank0]:[titan] 2026-09-12 15:17:48,029 - root - INFO - [33mvalidate step: 1200  [32mloss:  6.0787  [38;2;54;234;195mmemory: 13.40GiB(5.01%)  [34mtps: 644,658[39m
[rank0]:[titan] 2026-09-12 15:17:48,031 - root - INFO - Sleeping 2 seconds for other ranks to complete
[rank0]:[titan] 2026-09-12 15:17:50,031 - root - INFO - Training completed
[rank0]:[titan] 2026-09-12 15:17:50,068 - root - INFO - Process group destroyed
