+ NGPU=1
+ export LOG_RANK=0
+ LOG_RANK=0
+ MODULE=torchtitan.experiments.mixed_residual
+ CONFIG=mixed_residual_default
+ COMM_MODE=
+ TORCHFT_LIGHTHOUSE=http://localhost:29510
+ [[ -n '' ]]
+ '[' '' = fake_backend ']'
+ PYTORCH_ALLOC_CONF=expandable_segments:True
+ TORCHFT_LIGHTHOUSE=http://localhost:29510
+ torchrun --nproc_per_node=1 --rdzv_backend c10d --rdzv_endpoint=localhost:0 --local-ranks-filter 0 --role rank --tee 3 -m torchtitan.train --module torchtitan.experiments.mixed_residual --config mixed_residual_default --optimizer.param-groups.0.optimizer-kwargs.lr 1e-3 --debug.seed 0 --dump-folder ./outputs/mr_default_1e-3_s0
[rank0]:WARNING:absl:Failed to load jax profiler: cannot import name 'jaxlib_extension_version' from 'jax._src.lib' (/opt/sglang/lib/python3.12/site-packages/jax/_src/lib/__init__.py)
[rank0]:[titan] 2026-09-12 15:09:17,469 - root - INFO - torchtitan version: 0.0.0+unknown (0.0.0 means __version__ is not defined correctly).
[rank0]:[titan] 2026-09-12 15:09:17,473 - root - WARNING - initial_load_model_only=True has no effect without an initial_load_path.
[rank0]:[titan] 2026-09-12 15:09:17,527 - root - WARNING - initial_load_model_only=True has no effect without an initial_load_path.
[rank0]:[titan] 2026-09-12 15:09:17,528 - torchtitan.observability.structured_logger.jsonl_handler - INFO - Structured logging -> JSONL: /home/brayden/torchtitan/outputs/mr_default_1e-3_s0/structured_logs/training.global_rank_0.20260912-150917-ZHDSC3.jsonl
[rank0]:[titan] 2026-09-12 15:09:18,378 - root - INFO - Enabled BF16x9 emulation for FP32 CUDA matmuls
[rank0]:[titan] 2026-09-12 15:09:18,378 - root - WARNING - ENV[TORCH_NCCL_ASYNC_ERROR_HANDLING] = 1 will be overridden to 3 based on job config
[rank0]:[titan] 2026-09-12 15:09:19,008 - root - INFO - [GC] Initial GC collection took 0.00 seconds
[rank0]:[titan] 2026-09-12 15:09:19,010 - root - INFO - Building mixed_residual default
[rank0]:[titan] 2026-09-12 15:09:19,027 - root - INFO - CUDA capacity: NVIDIA B300 SXM6 AC with 267.68GiB memory
[rank0]:[titan] 2026-09-12 15:09:19,028 - root - WARNING - Error running lspci: [Errno 2] No such file or directory: 'lspci', fallback to use device_name
[rank0]:[titan] 2026-09-12 15:09:19,028 - root - INFO - Total parameter count: 76,375,552, active parameters: 50,643,968
[rank0]:[titan] 2026-09-12 15:09:19,028 - root - INFO - [34mModel mixed_residual default [31msize: 76,375,552 total parameters[39m
[rank0]:[titan] 2026-09-12 15:09:19,029 - root - INFO - Compiling the loss function with torch.compile
[rank0]:[titan] 2026-09-12 15:09:19,036 - root - INFO - Building device mesh with parallelism: pp=1, dp_replicate=1, dp_shard=1, cp=1, tp=1, ep=1
[rank0]:[titan] 2026-09-12 15:09:19,041 - root - INFO - Successfully created meshes with active dimensions: []
[rank0]:[titan] 2026-09-12 15:09:19,046 - root - INFO - Compiling each TransformerBlock with torch.compile
[rank0]:[titan] 2026-09-12 15:09:19,062 - root - INFO - Applied FSDP to the model
[rank0]:[titan] 2026-09-12 15:09:19,570 - root - WARNING - Error running lspci: [Errno 2] No such file or directory: 'lspci', fallback to use device_name
[rank0]:[titan] 2026-09-12 15:09:19,570 - root - INFO - Peak FLOPS used for computing MFU: 2.250e+15
[rank0]:[titan] 2026-09-12 15:09:19,570 - root - INFO - CUDA memory usage for model: 0.76GiB(0.28%)
[rank0]:[titan] 2026-09-12 15:09:19,570 - root - INFO - Optimizer AdamW (model_part=0): 59 params [.*] {'fused': True, 'foreach': False, 'lr': 0.001, 'betas': (0.9, 0.95), 'eps': 1e-08, 'weight_decay': 0.1}
[rank0]:[titan] 2026-09-12 15:09:19,571 - root - INFO - Loading tokenizer from tokenizer.json
[rank0]:[titan] 2026-09-12 15:09:19,974 - httpx - INFO - HTTP Request: HEAD https://s3.amazonaws.com/datasets.huggingface.co/datasets/datasets/json/json.py "HTTP/1.1 200 OK"
[rank0]:[titan] 2026-09-12 15:09:20,088 - root - WARNING - initial_load_model_only=True has no effect without an initial_load_path.
[rank0]:[titan] 2026-09-12 15:09:20,088 - root - INFO - Trainer is initialized with 65536 tokens per DP rank, 65536 tokens per train step, gradient accumulation steps 1, maximum context length 256, total steps 1200 (warmup 100)
[rank0]:[titan] 2026-09-12 15:09:20,088 - root - INFO - Training starts at step 1
[rank0]:[titan] 2026-09-12 15:09:23,063 - root - INFO - [31mstep:  1  [32mloss: 11.30359  [38;2;180;60;0mgrad_norm:  5.7703  [38;2;54;234;195mmemory: 11.27GiB(4.21%)  [34mtps: 16,242  [36mtflops: 5.14  [35mmfu: 0.23%[39m
[rank0]:[titan] 2026-09-12 15:09:23,180 - httpx - INFO - HTTP Request: HEAD https://s3.amazonaws.com/datasets.huggingface.co/datasets/datasets/json/json.py "HTTP/1.1 200 OK"
[rank0]:[titan] 2026-09-12 15:09:29,711 - root - INFO - [33mvalidate step:  1  [32mloss: 11.2101  [38;2;54;234;195mmemory: 13.29GiB(4.97%)  [34mtps: 492,926[39m
[rank0]:[titan] 2026-09-12 15:09:29,712 - root - INFO - Synchronizing and adjusting timeout for all ProcessGroups to 0:01:40
[rank0]:[titan] 2026-09-12 15:09:30,039 - root - INFO - Recorded CUDA graph
[rank0]:[titan] 2026-09-12 15:09:35,336 - root - INFO - [GC] Performing periodic GC collection took 0.02 seconds
[rank0]:[titan] 2026-09-12 15:09:41,081 - root - INFO - [GC] Performing periodic GC collection took 0.01 seconds
[rank0]:[titan] 2026-09-12 15:09:41,312 - root - INFO - [31mstep: 100  [32mloss:  6.45137  [38;2;180;60;0mgrad_norm:  0.6325  [38;2;54;234;195mmemory: 13.39GiB(5.00%)  [34mtps: 559,284  [36mtflops: 176.98  [35mmfu: 7.87%[39m
[rank0]:[titan] 2026-09-12 15:09:46,920 - root - INFO - [GC] Performing periodic GC collection took 0.01 seconds
[rank0]:[titan] 2026-09-12 15:09:52,713 - root - INFO - [GC] Performing periodic GC collection took 0.01 seconds
[rank0]:[titan] 2026-09-12 15:09:52,925 - root - INFO - [31mstep: 200  [32mloss:  5.79093  [38;2;180;60;0mgrad_norm:  0.6559  [38;2;54;234;195mmemory: 11.38GiB(4.25%)  [34mtps: 564,327  [36mtflops: 178.58  [35mmfu: 7.94%[39m
[rank0]:[titan] 2026-09-12 15:09:58,601 - root - INFO - [GC] Performing periodic GC collection took 0.01 seconds
[rank0]:[titan] 2026-09-12 15:10:04,358 - root - INFO - [GC] Performing periodic GC collection took 0.01 seconds
[rank0]:[titan] 2026-09-12 15:10:04,572 - root - INFO - [31mstep: 300  [32mloss:  5.82899  [38;2;180;60;0mgrad_norm:  0.6106  [38;2;54;234;195mmemory: 11.38GiB(4.25%)  [34mtps: 562,735  [36mtflops: 178.08  [35mmfu: 7.91%[39m
[rank0]:[titan] 2026-09-12 15:10:10,177 - root - INFO - [GC] Performing periodic GC collection took 0.01 seconds
[rank0]:[titan] 2026-09-12 15:10:15,961 - root - INFO - [GC] Performing periodic GC collection took 0.01 seconds
[rank0]:[titan] 2026-09-12 15:10:16,173 - root - INFO - [31mstep: 400  [32mloss:  5.45354  [38;2;180;60;0mgrad_norm:  0.4189  [38;2;54;234;195mmemory: 11.38GiB(4.25%)  [34mtps: 564,916  [36mtflops: 178.77  [35mmfu: 7.95%[39m
[rank0]:[titan] 2026-09-12 15:10:21,790 - root - INFO - [GC] Performing periodic GC collection took 0.01 seconds
[rank0]:[titan] 2026-09-12 15:10:27,563 - root - INFO - [GC] Performing periodic GC collection took 0.01 seconds
[rank0]:[titan] 2026-09-12 15:10:27,778 - root - INFO - [31mstep: 500  [32mloss:  5.23426  [38;2;180;60;0mgrad_norm:  0.3905  [38;2;54;234;195mmemory: 11.38GiB(4.25%)  [34mtps: 564,728  [36mtflops: 178.71  [35mmfu: 7.94%[39m
[rank0]:[titan] 2026-09-12 15:10:33,392 - root - INFO - [GC] Performing periodic GC collection took 0.01 seconds
[rank0]:[titan] 2026-09-12 15:10:39,211 - root - INFO - [GC] Performing periodic GC collection took 0.01 seconds
[rank0]:[titan] 2026-09-12 15:10:39,425 - root - INFO - [31mstep: 600  [32mloss:  5.10995  [38;2;180;60;0mgrad_norm:  0.3444  [38;2;54;234;195mmemory: 11.38GiB(4.25%)  [34mtps: 562,721  [36mtflops: 178.07  [35mmfu: 7.91%[39m
[rank0]:[titan] 2026-09-12 15:10:45,029 - root - INFO - [GC] Performing periodic GC collection took 0.01 seconds
[rank0]:[titan] 2026-09-12 15:10:50,824 - root - INFO - [GC] Performing periodic GC collection took 0.01 seconds
[rank0]:[titan] 2026-09-12 15:10:51,040 - root - INFO - [31mstep: 700  [32mloss:  5.15025  [38;2;180;60;0mgrad_norm:  0.3682  [38;2;54;234;195mmemory: 11.38GiB(4.25%)  [34mtps: 564,225  [36mtflops: 178.55  [35mmfu: 7.94%[39m
[rank0]:[titan] 2026-09-12 15:10:56,640 - root - INFO - [GC] Performing periodic GC collection took 0.01 seconds
[rank0]:[titan] 2026-09-12 15:11:02,395 - root - INFO - [GC] Performing periodic GC collection took 0.01 seconds
[rank0]:[titan] 2026-09-12 15:11:02,610 - root - INFO - [31mstep: 800  [32mloss:  4.93704  [38;2;180;60;0mgrad_norm:  0.3171  [38;2;54;234;195mmemory: 11.38GiB(4.25%)  [34mtps: 566,477  [36mtflops: 179.26  [35mmfu: 7.97%[39m
[rank0]:[titan] 2026-09-12 15:11:08,231 - root - INFO - [GC] Performing periodic GC collection took 0.01 seconds
[rank0]:[titan] 2026-09-12 15:11:13,950 - root - INFO - [GC] Performing periodic GC collection took 0.01 seconds
[rank0]:[titan] 2026-09-12 15:11:14,179 - root - INFO - [31mstep: 900  [32mloss:  4.72946  [38;2;180;60;0mgrad_norm:  0.3294  [38;2;54;234;195mmemory: 11.38GiB(4.25%)  [34mtps: 566,470  [36mtflops: 179.26  [35mmfu: 7.97%[39m
[rank0]:[titan] 2026-09-12 15:11:19,768 - root - INFO - [GC] Performing periodic GC collection took 0.01 seconds
[rank0]:[titan] 2026-09-12 15:11:25,520 - root - INFO - [GC] Performing periodic GC collection took 0.01 seconds
[rank0]:[titan] 2026-09-12 15:11:25,747 - root - INFO - [31mstep: 1000  [32mloss:  4.90163  [38;2;180;60;0mgrad_norm:  0.3088  [38;2;54;234;195mmemory: 11.38GiB(4.25%)  [34mtps: 566,537  [36mtflops: 179.28  [35mmfu: 7.97%[39m
[rank0]:[titan] 2026-09-12 15:11:31,314 - root - INFO - [GC] Performing periodic GC collection took 0.01 seconds
[rank0]:[titan] 2026-09-12 15:11:37,058 - root - INFO - [GC] Performing periodic GC collection took 0.01 seconds
[rank0]:[titan] 2026-09-12 15:11:37,273 - root - INFO - [31mstep: 1100  [32mloss:  4.72408  [38;2;180;60;0mgrad_norm:  0.2827  [38;2;54;234;195mmemory: 11.38GiB(4.25%)  [34mtps: 568,626  [36mtflops: 179.94  [35mmfu: 8.00%[39m
[rank0]:[titan] 2026-09-12 15:11:42,841 - root - INFO - [GC] Performing periodic GC collection took 0.01 seconds
[rank0]:[titan] 2026-09-12 15:11:48,644 - root - INFO - [GC] Performing periodic GC collection took 0.01 seconds
[rank0]:[titan] 2026-09-12 15:11:48,873 - root - INFO - [31mstep: 1200  [32mloss:  4.72399  [38;2;180;60;0mgrad_norm:  0.3395  [38;2;54;234;195mmemory: 11.38GiB(4.25%)  [34mtps: 564,967  [36mtflops: 178.78  [35mmfu: 7.95%[39m
[rank0]:[titan] 2026-09-12 15:11:49,239 - httpx - INFO - HTTP Request: HEAD https://s3.amazonaws.com/datasets.huggingface.co/datasets/datasets/json/json.py "HTTP/1.1 200 OK"
[rank0]:[titan] 2026-09-12 15:11:54,060 - root - INFO - [33mvalidate step: 1200  [32mloss:  4.7793  [38;2;54;234;195mmemory: 13.40GiB(5.01%)  [34mtps: 631,800[39m
[rank0]:[titan] 2026-09-12 15:11:54,061 - root - INFO - Sleeping 2 seconds for other ranks to complete
[rank0]:[titan] 2026-09-12 15:11:56,061 - root - INFO - Training completed
[rank0]:[titan] 2026-09-12 15:11:56,090 - root - INFO - Process group destroyed
