+ NGPU=1
+ export LOG_RANK=0
+ LOG_RANK=0
+ MODULE=torchtitan.experiments.mixed_residual
+ CONFIG=mixed_residual_default
+ COMM_MODE=
+ TORCHFT_LIGHTHOUSE=http://localhost:29510
+ [[ -n '' ]]
+ '[' '' = fake_backend ']'
+ PYTORCH_ALLOC_CONF=expandable_segments:True
+ TORCHFT_LIGHTHOUSE=http://localhost:29510
+ torchrun --nproc_per_node=1 --rdzv_backend c10d --rdzv_endpoint=localhost:0 --local-ranks-filter 0 --role rank --tee 3 -m torchtitan.train --module torchtitan.experiments.mixed_residual --config mixed_residual_default --optimizer.param-groups.0.optimizer-kwargs.lr 3e-3 --debug.seed 0 --dump-folder ./outputs/mr_default_3e-3_s0
[rank0]:WARNING:absl:Failed to load jax profiler: cannot import name 'jaxlib_extension_version' from 'jax._src.lib' (/opt/sglang/lib/python3.12/site-packages/jax/_src/lib/__init__.py)
[rank0]:[titan] 2026-09-12 15:09:17,180 - root - INFO - torchtitan version: 0.0.0+unknown (0.0.0 means __version__ is not defined correctly).
[rank0]:[titan] 2026-09-12 15:09:17,183 - root - WARNING - initial_load_model_only=True has no effect without an initial_load_path.
[rank0]:[titan] 2026-09-12 15:09:17,237 - root - WARNING - initial_load_model_only=True has no effect without an initial_load_path.
[rank0]:[titan] 2026-09-12 15:09:17,238 - torchtitan.observability.structured_logger.jsonl_handler - INFO - Structured logging -> JSONL: /home/brayden/torchtitan/outputs/mr_default_3e-3_s0/structured_logs/training.global_rank_0.20260912-150917-UE837O.jsonl
[rank0]:[titan] 2026-09-12 15:09:18,006 - root - INFO - Enabled BF16x9 emulation for FP32 CUDA matmuls
[rank0]:[titan] 2026-09-12 15:09:18,007 - root - WARNING - ENV[TORCH_NCCL_ASYNC_ERROR_HANDLING] = 1 will be overridden to 3 based on job config
[rank0]:[titan] 2026-09-12 15:09:18,635 - root - INFO - [GC] Initial GC collection took 0.00 seconds
[rank0]:[titan] 2026-09-12 15:09:18,638 - root - INFO - Building mixed_residual default
[rank0]:[titan] 2026-09-12 15:09:18,655 - root - INFO - CUDA capacity: NVIDIA B300 SXM6 AC with 267.68GiB memory
[rank0]:[titan] 2026-09-12 15:09:18,655 - root - WARNING - Error running lspci: [Errno 2] No such file or directory: 'lspci', fallback to use device_name
[rank0]:[titan] 2026-09-12 15:09:18,656 - root - INFO - Total parameter count: 76,375,552, active parameters: 50,643,968
[rank0]:[titan] 2026-09-12 15:09:18,656 - root - INFO - [34mModel mixed_residual default [31msize: 76,375,552 total parameters[39m
[rank0]:[titan] 2026-09-12 15:09:18,656 - root - INFO - Compiling the loss function with torch.compile
[rank0]:[titan] 2026-09-12 15:09:18,664 - root - INFO - Building device mesh with parallelism: pp=1, dp_replicate=1, dp_shard=1, cp=1, tp=1, ep=1
[rank0]:[titan] 2026-09-12 15:09:18,668 - root - INFO - Successfully created meshes with active dimensions: []
[rank0]:[titan] 2026-09-12 15:09:18,673 - root - INFO - Compiling each TransformerBlock with torch.compile
[rank0]:[titan] 2026-09-12 15:09:18,690 - root - INFO - Applied FSDP to the model
[rank0]:[titan] 2026-09-12 15:09:19,411 - root - WARNING - Error running lspci: [Errno 2] No such file or directory: 'lspci', fallback to use device_name
[rank0]:[titan] 2026-09-12 15:09:19,411 - root - INFO - Peak FLOPS used for computing MFU: 2.250e+15
[rank0]:[titan] 2026-09-12 15:09:19,412 - root - INFO - CUDA memory usage for model: 0.76GiB(0.28%)
[rank0]:[titan] 2026-09-12 15:09:19,412 - root - INFO - Optimizer AdamW (model_part=0): 59 params [.*] {'fused': True, 'foreach': False, 'lr': 0.003, 'betas': (0.9, 0.95), 'eps': 1e-08, 'weight_decay': 0.1}
[rank0]:[titan] 2026-09-12 15:09:19,412 - root - INFO - Loading tokenizer from tokenizer.json
[rank0]:[titan] 2026-09-12 15:09:19,831 - httpx - INFO - HTTP Request: HEAD https://s3.amazonaws.com/datasets.huggingface.co/datasets/datasets/json/json.py "HTTP/1.1 200 OK"
[rank0]:[titan] 2026-09-12 15:09:19,949 - root - WARNING - initial_load_model_only=True has no effect without an initial_load_path.
[rank0]:[titan] 2026-09-12 15:09:19,949 - root - INFO - Trainer is initialized with 65536 tokens per DP rank, 65536 tokens per train step, gradient accumulation steps 1, maximum context length 256, total steps 1200 (warmup 100)
[rank0]:[titan] 2026-09-12 15:09:19,949 - root - INFO - Training starts at step 1
[rank0]:[titan] 2026-09-12 15:09:23,046 - root - INFO - [31mstep:  1  [32mloss: 11.30359  [38;2;180;60;0mgrad_norm:  5.7703  [38;2;54;234;195mmemory: 11.27GiB(4.21%)  [34mtps: 14,926  [36mtflops: 4.72  [35mmfu: 0.21%[39m
[rank0]:[titan] 2026-09-12 15:09:23,167 - httpx - INFO - HTTP Request: HEAD https://s3.amazonaws.com/datasets.huggingface.co/datasets/datasets/json/json.py "HTTP/1.1 200 OK"
[rank0]:[titan] 2026-09-12 15:09:29,888 - root - INFO - [33mvalidate step:  1  [32mloss: 11.0475  [38;2;54;234;195mmemory: 13.29GiB(4.97%)  [34mtps: 478,968[39m
[rank0]:[titan] 2026-09-12 15:09:29,889 - root - INFO - Synchronizing and adjusting timeout for all ProcessGroups to 0:01:40
[rank0]:[titan] 2026-09-12 15:09:30,255 - root - INFO - Recorded CUDA graph
[rank0]:[titan] 2026-09-12 15:09:35,519 - root - INFO - [GC] Performing periodic GC collection took 0.02 seconds
[rank0]:[titan] 2026-09-12 15:09:41,223 - root - INFO - [GC] Performing periodic GC collection took 0.01 seconds
[rank0]:[titan] 2026-09-12 15:09:41,451 - root - INFO - [31mstep: 100  [32mloss:  6.36456  [38;2;180;60;0mgrad_norm:  0.5483  [38;2;54;234;195mmemory: 13.39GiB(5.00%)  [34mtps: 561,125  [36mtflops: 177.57  [35mmfu: 7.89%[39m
[rank0]:[titan] 2026-09-12 15:09:47,054 - root - INFO - [GC] Performing periodic GC collection took 0.01 seconds
[rank0]:[titan] 2026-09-12 15:09:52,806 - root - INFO - [GC] Performing periodic GC collection took 0.01 seconds
[rank0]:[titan] 2026-09-12 15:09:53,022 - root - INFO - [31mstep: 200  [32mloss:  5.75585  [38;2;180;60;0mgrad_norm:  0.3334  [38;2;54;234;195mmemory: 11.38GiB(4.25%)  [34mtps: 566,382  [36mtflops: 179.23  [35mmfu: 7.97%[39m
[rank0]:[titan] 2026-09-12 15:09:58,643 - root - INFO - [GC] Performing periodic GC collection took 0.01 seconds
[rank0]:[titan] 2026-09-12 15:10:04,364 - root - INFO - [GC] Performing periodic GC collection took 0.01 seconds
[rank0]:[titan] 2026-09-12 15:10:04,577 - root - INFO - [31mstep: 300  [32mloss:  5.84094  [38;2;180;60;0mgrad_norm:  0.3729  [38;2;54;234;195mmemory: 11.38GiB(4.25%)  [34mtps: 567,188  [36mtflops: 179.48  [35mmfu: 7.98%[39m
[rank0]:[titan] 2026-09-12 15:10:10,133 - root - INFO - [GC] Performing periodic GC collection took 0.01 seconds
[rank0]:[titan] 2026-09-12 15:10:15,870 - root - INFO - [GC] Performing periodic GC collection took 0.01 seconds
[rank0]:[titan] 2026-09-12 15:10:16,085 - root - INFO - [31mstep: 400  [32mloss:  5.45888  [38;2;180;60;0mgrad_norm:  0.2168  [38;2;54;234;195mmemory: 11.38GiB(4.25%)  [34mtps: 569,484  [36mtflops: 180.21  [35mmfu: 8.01%[39m
[rank0]:[titan] 2026-09-12 15:10:21,670 - root - INFO - [GC] Performing periodic GC collection took 0.01 seconds
[rank0]:[titan] 2026-09-12 15:10:27,400 - root - INFO - [GC] Performing periodic GC collection took 0.01 seconds
[rank0]:[titan] 2026-09-12 15:10:27,615 - root - INFO - [31mstep: 500  [32mloss:  5.22556  [38;2;180;60;0mgrad_norm:  0.1886  [38;2;54;234;195mmemory: 11.38GiB(4.25%)  [34mtps: 568,408  [36mtflops: 179.87  [35mmfu: 7.99%[39m
[rank0]:[titan] 2026-09-12 15:10:33,184 - root - INFO - [GC] Performing periodic GC collection took 0.01 seconds
[rank0]:[titan] 2026-09-12 15:10:38,965 - root - INFO - [GC] Performing periodic GC collection took 0.01 seconds
[rank0]:[titan] 2026-09-12 15:10:39,180 - root - INFO - [31mstep: 600  [32mloss:  5.10682  [38;2;180;60;0mgrad_norm:  0.1648  [38;2;54;234;195mmemory: 11.38GiB(4.25%)  [34mtps: 566,677  [36mtflops: 179.32  [35mmfu: 7.97%[39m
[rank0]:[titan] 2026-09-12 15:10:44,739 - root - INFO - [GC] Performing periodic GC collection took 0.01 seconds
[rank0]:[titan] 2026-09-12 15:10:50,497 - root - INFO - [GC] Performing periodic GC collection took 0.01 seconds
[rank0]:[titan] 2026-09-12 15:10:50,713 - root - INFO - [31mstep: 700  [32mloss:  5.12319  [38;2;180;60;0mgrad_norm:  0.1653  [38;2;54;234;195mmemory: 11.38GiB(4.25%)  [34mtps: 568,277  [36mtflops: 179.83  [35mmfu: 7.99%[39m
[rank0]:[titan] 2026-09-12 15:10:56,349 - root - INFO - [GC] Performing periodic GC collection took 0.01 seconds
[rank0]:[titan] 2026-09-12 15:11:02,120 - root - INFO - [GC] Performing periodic GC collection took 0.01 seconds
[rank0]:[titan] 2026-09-12 15:11:02,331 - root - INFO - [31mstep: 800  [32mloss:  4.90326  [38;2;180;60;0mgrad_norm:  0.1585  [38;2;54;234;195mmemory: 11.38GiB(4.25%)  [34mtps: 564,069  [36mtflops: 178.50  [35mmfu: 7.93%[39m
[rank0]:[titan] 2026-09-12 15:11:07,973 - root - INFO - [GC] Performing periodic GC collection took 0.01 seconds
[rank0]:[titan] 2026-09-12 15:11:13,738 - root - INFO - [GC] Performing periodic GC collection took 0.01 seconds
[rank0]:[titan] 2026-09-12 15:11:13,969 - root - INFO - [31mstep: 900  [32mloss:  4.66978  [38;2;180;60;0mgrad_norm:  0.1606  [38;2;54;234;195mmemory: 11.38GiB(4.25%)  [34mtps: 563,147  [36mtflops: 178.21  [35mmfu: 7.92%[39m
[rank0]:[titan] 2026-09-12 15:11:19,617 - root - INFO - [GC] Performing periodic GC collection took 0.01 seconds
[rank0]:[titan] 2026-09-12 15:11:25,405 - root - INFO - [GC] Performing periodic GC collection took 0.01 seconds
[rank0]:[titan] 2026-09-12 15:11:25,637 - root - INFO - [31mstep: 1000  [32mloss:  4.83474  [38;2;180;60;0mgrad_norm:  0.1546  [38;2;54;234;195mmemory: 11.38GiB(4.25%)  [34mtps: 561,693  [36mtflops: 177.75  [35mmfu: 7.90%[39m
[rank0]:[titan] 2026-09-12 15:11:31,256 - root - INFO - [GC] Performing periodic GC collection took 0.01 seconds
[rank0]:[titan] 2026-09-12 15:11:37,046 - root - INFO - [GC] Performing periodic GC collection took 0.01 seconds
[rank0]:[titan] 2026-09-12 15:11:37,260 - root - INFO - [31mstep: 1100  [32mloss:  4.65594  [38;2;180;60;0mgrad_norm:  0.1338  [38;2;54;234;195mmemory: 11.38GiB(4.25%)  [34mtps: 563,864  [36mtflops: 178.43  [35mmfu: 7.93%[39m
[rank0]:[titan] 2026-09-12 15:11:42,850 - root - INFO - [GC] Performing periodic GC collection took 0.01 seconds
[rank0]:[titan] 2026-09-12 15:11:48,700 - root - INFO - [GC] Performing periodic GC collection took 0.01 seconds
[rank0]:[titan] 2026-09-12 15:11:48,933 - root - INFO - [31mstep: 1200  [32mloss:  4.64754  [38;2;180;60;0mgrad_norm:  0.1614  [38;2;54;234;195mmemory: 11.38GiB(4.25%)  [34mtps: 561,474  [36mtflops: 177.68  [35mmfu: 7.90%[39m
[rank0]:[titan] 2026-09-12 15:11:49,319 - httpx - INFO - HTTP Request: HEAD https://s3.amazonaws.com/datasets.huggingface.co/datasets/datasets/json/json.py "HTTP/1.1 200 OK"
[rank0]:[titan] 2026-09-12 15:11:53,924 - root - INFO - [33mvalidate step: 1200  [32mloss:  4.7005  [38;2;54;234;195mmemory: 13.40GiB(5.01%)  [34mtps: 656,466[39m
[rank0]:[titan] 2026-09-12 15:11:53,926 - root - INFO - Sleeping 2 seconds for other ranks to complete
[rank0]:[titan] 2026-09-12 15:11:55,926 - root - INFO - Training completed
[rank0]:[titan] 2026-09-12 15:11:56,210 - root - INFO - Process group destroyed
