+ NGPU=1
+ export LOG_RANK=0
+ LOG_RANK=0
+ MODULE=torchtitan.experiments.mixed_residual
+ CONFIG=mixed_residual_default
+ COMM_MODE=
+ TORCHFT_LIGHTHOUSE=http://localhost:29510
+ [[ -n '' ]]
+ '[' '' = fake_backend ']'
+ PYTORCH_ALLOC_CONF=expandable_segments:True
+ TORCHFT_LIGHTHOUSE=http://localhost:29510
+ torchrun --nproc_per_node=1 --rdzv_backend c10d --rdzv_endpoint=localhost:0 --local-ranks-filter 0 --role rank --tee 3 -m torchtitan.train --module torchtitan.experiments.mixed_residual --config mixed_residual_default --optimizer.param-groups.0.optimizer-kwargs.lr 1e-4 --debug.seed 0 --dump-folder ./outputs/mr_default_1e-4_s0
[rank0]:WARNING:absl:Failed to load jax profiler: cannot import name 'jaxlib_extension_version' from 'jax._src.lib' (/opt/sglang/lib/python3.12/site-packages/jax/_src/lib/__init__.py)
[rank0]:/opt/sglang/lib/python3.12/site-packages/torch/_inductor/lowering.py:2826: UserWarning: Torchinductor does not support code generation for complex operators. Performance may be worse than eager.
[rank0]:  warnings.warn(
[rank0]:[titan] 2026-09-12 15:09:15,341 - root - INFO - torchtitan version: 0.0.0+unknown (0.0.0 means __version__ is not defined correctly).
[rank0]:[titan] 2026-09-12 15:09:15,345 - root - WARNING - initial_load_model_only=True has no effect without an initial_load_path.
[rank0]:[titan] 2026-09-12 15:09:15,398 - root - WARNING - initial_load_model_only=True has no effect without an initial_load_path.
[rank0]:[titan] 2026-09-12 15:09:15,399 - torchtitan.observability.structured_logger.jsonl_handler - INFO - Structured logging -> JSONL: /home/brayden/torchtitan/outputs/mr_default_1e-4_s0/structured_logs/training.global_rank_0.20260912-150915-SUNFMX.jsonl
[rank0]:[titan] 2026-09-12 15:09:16,147 - root - INFO - Enabled BF16x9 emulation for FP32 CUDA matmuls
[rank0]:[titan] 2026-09-12 15:09:16,147 - root - WARNING - ENV[TORCH_NCCL_ASYNC_ERROR_HANDLING] = 1 will be overridden to 3 based on job config
[rank0]:[titan] 2026-09-12 15:09:16,735 - root - INFO - [GC] Initial GC collection took 0.00 seconds
[rank0]:[titan] 2026-09-12 15:09:16,737 - root - INFO - Building mixed_residual default
[rank0]:[titan] 2026-09-12 15:09:16,754 - root - INFO - CUDA capacity: NVIDIA B300 SXM6 AC with 267.68GiB memory
[rank0]:[titan] 2026-09-12 15:09:16,754 - root - WARNING - Error running lspci: [Errno 2] No such file or directory: 'lspci', fallback to use device_name
[rank0]:[titan] 2026-09-12 15:09:16,755 - root - INFO - Total parameter count: 76,375,552, active parameters: 50,643,968
[rank0]:[titan] 2026-09-12 15:09:16,755 - root - INFO - [34mModel mixed_residual default [31msize: 76,375,552 total parameters[39m
[rank0]:[titan] 2026-09-12 15:09:16,755 - root - INFO - Compiling the loss function with torch.compile
[rank0]:[titan] 2026-09-12 15:09:16,763 - root - INFO - Building device mesh with parallelism: pp=1, dp_replicate=1, dp_shard=1, cp=1, tp=1, ep=1
[rank0]:[titan] 2026-09-12 15:09:16,767 - root - INFO - Successfully created meshes with active dimensions: []
[rank0]:[titan] 2026-09-12 15:09:16,772 - root - INFO - Compiling each TransformerBlock with torch.compile
[rank0]:[titan] 2026-09-12 15:09:16,787 - root - INFO - Applied FSDP to the model
[rank0]:[titan] 2026-09-12 15:09:17,283 - root - WARNING - Error running lspci: [Errno 2] No such file or directory: 'lspci', fallback to use device_name
[rank0]:[titan] 2026-09-12 15:09:17,283 - root - INFO - Peak FLOPS used for computing MFU: 2.250e+15
[rank0]:[titan] 2026-09-12 15:09:17,284 - root - INFO - CUDA memory usage for model: 0.76GiB(0.28%)
[rank0]:[titan] 2026-09-12 15:09:17,284 - root - INFO - Optimizer AdamW (model_part=0): 59 params [.*] {'fused': True, 'foreach': False, 'lr': 0.0001, 'betas': (0.9, 0.95), 'eps': 1e-08, 'weight_decay': 0.1}
[rank0]:[titan] 2026-09-12 15:09:17,284 - root - INFO - Loading tokenizer from tokenizer.json
[rank0]:[titan] 2026-09-12 15:09:17,708 - httpx - INFO - HTTP Request: HEAD https://s3.amazonaws.com/datasets.huggingface.co/datasets/datasets/json/json.py "HTTP/1.1 200 OK"
[rank0]:[titan] 2026-09-12 15:09:17,817 - root - WARNING - initial_load_model_only=True has no effect without an initial_load_path.
[rank0]:[titan] 2026-09-12 15:09:17,817 - root - INFO - Trainer is initialized with 65536 tokens per DP rank, 65536 tokens per train step, gradient accumulation steps 1, maximum context length 256, total steps 1200 (warmup 100)
[rank0]:[titan] 2026-09-12 15:09:17,817 - root - INFO - Training starts at step 1
[rank0]:[titan] 2026-09-12 15:09:20,277 - root - INFO - [31mstep:  1  [32mloss: 11.30359  [38;2;180;60;0mgrad_norm:  5.7703  [38;2;54;234;195mmemory: 11.27GiB(4.21%)  [34mtps: 18,603  [36mtflops: 5.89  [35mmfu: 0.26%[39m
[rank0]:[titan] 2026-09-12 15:09:20,399 - httpx - INFO - HTTP Request: HEAD https://s3.amazonaws.com/datasets.huggingface.co/datasets/datasets/json/json.py "HTTP/1.1 200 OK"
[rank0]:[titan] 2026-09-12 15:09:30,447 - root - INFO - [33mvalidate step:  1  [32mloss: 11.2861  [38;2;54;234;195mmemory: 13.29GiB(4.97%)  [34mtps: 322,211[39m
[rank0]:[titan] 2026-09-12 15:09:30,449 - root - INFO - Synchronizing and adjusting timeout for all ProcessGroups to 0:01:40
[rank0]:[titan] 2026-09-12 15:09:30,767 - root - INFO - Recorded CUDA graph
[rank0]:[titan] 2026-09-12 15:09:36,050 - root - INFO - [GC] Performing periodic GC collection took 0.02 seconds
[rank0]:[titan] 2026-09-12 15:09:41,798 - root - INFO - [GC] Performing periodic GC collection took 0.01 seconds
[rank0]:[titan] 2026-09-12 15:09:42,028 - root - INFO - [31mstep: 100  [32mloss:  7.49877  [38;2;180;60;0mgrad_norm:  0.6934  [38;2;54;234;195mmemory: 13.39GiB(5.00%)  [34mtps: 560,256  [36mtflops: 177.29  [35mmfu: 7.88%[39m
[rank0]:[titan] 2026-09-12 15:09:47,677 - root - INFO - [GC] Performing periodic GC collection took 0.01 seconds
[rank0]:[titan] 2026-09-12 15:09:53,476 - root - INFO - [GC] Performing periodic GC collection took 0.01 seconds
[rank0]:[titan] 2026-09-12 15:09:53,687 - root - INFO - [31mstep: 200  [32mloss:  6.62625  [38;2;180;60;0mgrad_norm:  1.0573  [38;2;54;234;195mmemory: 11.38GiB(4.25%)  [34mtps: 562,120  [36mtflops: 177.88  [35mmfu: 7.91%[39m
[rank0]:[titan] 2026-09-12 15:09:59,378 - root - INFO - [GC] Performing periodic GC collection took 0.01 seconds
[rank0]:[titan] 2026-09-12 15:10:05,146 - root - INFO - [GC] Performing periodic GC collection took 0.01 seconds
[rank0]:[titan] 2026-09-12 15:10:05,355 - root - INFO - [31mstep: 300  [32mloss:  6.52489  [38;2;180;60;0mgrad_norm:  2.1055  [38;2;54;234;195mmemory: 11.38GiB(4.25%)  [34mtps: 561,730  [36mtflops: 177.76  [35mmfu: 7.90%[39m
[rank0]:[titan] 2026-09-12 15:10:10,956 - root - INFO - [GC] Performing periodic GC collection took 0.01 seconds
[rank0]:[titan] 2026-09-12 15:10:16,758 - root - INFO - [GC] Performing periodic GC collection took 0.01 seconds
[rank0]:[titan] 2026-09-12 15:10:16,969 - root - INFO - [31mstep: 400  [32mloss:  6.26717  [38;2;180;60;0mgrad_norm:  1.1256  [38;2;54;234;195mmemory: 11.38GiB(4.25%)  [34mtps: 564,310  [36mtflops: 178.57  [35mmfu: 7.94%[39m
[rank0]:[titan] 2026-09-12 15:10:22,602 - root - INFO - [GC] Performing periodic GC collection took 0.01 seconds
[rank0]:[titan] 2026-09-12 15:10:28,394 - root - INFO - [GC] Performing periodic GC collection took 0.01 seconds
[rank0]:[titan] 2026-09-12 15:10:28,604 - root - INFO - [31mstep: 500  [32mloss:  6.06877  [38;2;180;60;0mgrad_norm:  0.8268  [38;2;54;234;195mmemory: 11.38GiB(4.25%)  [34mtps: 563,268  [36mtflops: 178.24  [35mmfu: 7.92%[39m
[rank0]:[titan] 2026-09-12 15:10:34,239 - root - INFO - [GC] Performing periodic GC collection took 0.01 seconds
[rank0]:[titan] 2026-09-12 15:10:40,065 - root - INFO - [GC] Performing periodic GC collection took 0.01 seconds
[rank0]:[titan] 2026-09-12 15:10:40,276 - root - INFO - [31mstep: 600  [32mloss:  5.94239  [38;2;180;60;0mgrad_norm:  1.0182  [38;2;54;234;195mmemory: 11.38GiB(4.25%)  [34mtps: 561,519  [36mtflops: 177.69  [35mmfu: 7.90%[39m
[rank0]:[titan] 2026-09-12 15:10:45,872 - root - INFO - [GC] Performing periodic GC collection took 0.01 seconds
[rank0]:[titan] 2026-09-12 15:10:51,674 - root - INFO - [GC] Performing periodic GC collection took 0.01 seconds
[rank0]:[titan] 2026-09-12 15:10:51,886 - root - INFO - [31mstep: 700  [32mloss:  6.07586  [38;2;180;60;0mgrad_norm:  0.9683  [38;2;54;234;195mmemory: 11.38GiB(4.25%)  [34mtps: 564,468  [36mtflops: 178.62  [35mmfu: 7.94%[39m
[rank0]:[titan] 2026-09-12 15:10:57,515 - root - INFO - [GC] Performing periodic GC collection took 0.01 seconds
[rank0]:[titan] 2026-09-12 15:11:03,318 - root - INFO - [GC] Performing periodic GC collection took 0.01 seconds
[rank0]:[titan] 2026-09-12 15:11:03,530 - root - INFO - [31mstep: 800  [32mloss:  5.84453  [38;2;180;60;0mgrad_norm:  0.8363  [38;2;54;234;195mmemory: 11.38GiB(4.25%)  [34mtps: 562,832  [36mtflops: 178.11  [35mmfu: 7.92%[39m
[rank0]:[titan] 2026-09-12 15:11:09,240 - root - INFO - [GC] Performing periodic GC collection took 0.01 seconds
[rank0]:[titan] 2026-09-12 15:11:15,079 - root - INFO - [GC] Performing periodic GC collection took 0.01 seconds
[rank0]:[titan] 2026-09-12 15:11:15,317 - root - INFO - [31mstep: 900  [32mloss:  5.64789  [38;2;180;60;0mgrad_norm:  1.0480  [38;2;54;234;195mmemory: 11.38GiB(4.25%)  [34mtps: 556,043  [36mtflops: 175.96  [35mmfu: 7.82%[39m
[rank0]:[titan] 2026-09-12 15:11:21,026 - root - INFO - [GC] Performing periodic GC collection took 0.01 seconds
[rank0]:[titan] 2026-09-12 15:11:26,848 - root - INFO - [GC] Performing periodic GC collection took 0.01 seconds
[rank0]:[titan] 2026-09-12 15:11:27,081 - root - INFO - [31mstep: 1000  [32mloss:  5.82184  [38;2;180;60;0mgrad_norm:  0.8268  [38;2;54;234;195mmemory: 11.38GiB(4.25%)  [34mtps: 557,100  [36mtflops: 176.29  [35mmfu: 7.84%[39m
[rank0]:[titan] 2026-09-12 15:11:32,764 - root - INFO - [GC] Performing periodic GC collection took 0.01 seconds
[rank0]:[titan] 2026-09-12 15:11:38,619 - root - INFO - [GC] Performing periodic GC collection took 0.01 seconds
[rank0]:[titan] 2026-09-12 15:11:38,830 - root - INFO - [31mstep: 1100  [32mloss:  5.63028  [38;2;180;60;0mgrad_norm:  0.9039  [38;2;54;234;195mmemory: 11.38GiB(4.25%)  [34mtps: 557,809  [36mtflops: 176.52  [35mmfu: 7.85%[39m
[rank0]:[titan] 2026-09-12 15:11:44,427 - root - INFO - [GC] Performing periodic GC collection took 0.01 seconds
[rank0]:[titan] 2026-09-12 15:11:50,284 - root - INFO - [GC] Performing periodic GC collection took 0.01 seconds
[rank0]:[titan] 2026-09-12 15:11:50,521 - root - INFO - [31mstep: 1200  [32mloss:  5.67719  [38;2;180;60;0mgrad_norm:  0.8820  [38;2;54;234;195mmemory: 11.38GiB(4.25%)  [34mtps: 560,602  [36mtflops: 177.40  [35mmfu: 7.88%[39m
[rank0]:[titan] 2026-09-12 15:11:50,903 - httpx - INFO - HTTP Request: HEAD https://s3.amazonaws.com/datasets.huggingface.co/datasets/datasets/json/json.py "HTTP/1.1 200 OK"
[rank0]:[titan] 2026-09-12 15:11:56,457 - root - INFO - [33mvalidate step: 1200  [32mloss:  5.7510  [38;2;54;234;195mmemory: 13.40GiB(5.01%)  [34mtps: 552,060[39m
[rank0]:[titan] 2026-09-12 15:11:56,458 - root - INFO - Sleeping 2 seconds for other ranks to complete
[rank0]:[titan] 2026-09-12 15:11:58,458 - root - INFO - Training completed
[rank0]:[titan] 2026-09-12 15:11:58,866 - root - INFO - Process group destroyed
