+ NGPU=1
+ export LOG_RANK=0
+ LOG_RANK=0
+ MODULE=torchtitan.experiments.mixed_residual
+ CONFIG=mixed_residual_default
+ COMM_MODE=
+ TORCHFT_LIGHTHOUSE=http://localhost:29510
+ [[ -n '' ]]
+ '[' '' = fake_backend ']'
+ PYTORCH_ALLOC_CONF=expandable_segments:True
+ TORCHFT_LIGHTHOUSE=http://localhost:29510
+ torchrun --nproc_per_node=1 --rdzv_backend c10d --rdzv_endpoint=localhost:0 --local-ranks-filter 0 --role rank --tee 3 -m torchtitan.train --module torchtitan.experiments.mixed_residual --config mixed_residual_default --optimizer.param-groups.0.optimizer-kwargs.lr 3e-2 --debug.seed 0 --dump-folder ./outputs/mr_default_3e-2_s0
[rank0]:WARNING:absl:Failed to load jax profiler: cannot import name 'jaxlib_extension_version' from 'jax._src.lib' (/opt/sglang/lib/python3.12/site-packages/jax/_src/lib/__init__.py)
[rank0]:[titan] 2026-09-12 15:09:16,773 - root - INFO - torchtitan version: 0.0.0+unknown (0.0.0 means __version__ is not defined correctly).
[rank0]:[titan] 2026-09-12 15:09:16,777 - root - WARNING - initial_load_model_only=True has no effect without an initial_load_path.
[rank0]:[titan] 2026-09-12 15:09:16,830 - root - WARNING - initial_load_model_only=True has no effect without an initial_load_path.
[rank0]:[titan] 2026-09-12 15:09:16,831 - torchtitan.observability.structured_logger.jsonl_handler - INFO - Structured logging -> JSONL: /home/brayden/torchtitan/outputs/mr_default_3e-2_s0/structured_logs/training.global_rank_0.20260912-150916-KLRGKC.jsonl
[rank0]:[titan] 2026-09-12 15:09:17,082 - root - INFO - Enabled BF16x9 emulation for FP32 CUDA matmuls
[rank0]:[titan] 2026-09-12 15:09:17,082 - root - WARNING - ENV[TORCH_NCCL_ASYNC_ERROR_HANDLING] = 1 will be overridden to 3 based on job config
[rank0]:[titan] 2026-09-12 15:09:18,337 - root - INFO - [GC] Initial GC collection took 0.00 seconds
[rank0]:[titan] 2026-09-12 15:09:18,340 - root - INFO - Building mixed_residual default
[rank0]:[titan] 2026-09-12 15:09:18,356 - root - INFO - CUDA capacity: NVIDIA B300 SXM6 AC with 267.68GiB memory
[rank0]:[titan] 2026-09-12 15:09:18,356 - root - WARNING - Error running lspci: [Errno 2] No such file or directory: 'lspci', fallback to use device_name
[rank0]:[titan] 2026-09-12 15:09:18,357 - root - INFO - Total parameter count: 76,375,552, active parameters: 50,643,968
[rank0]:[titan] 2026-09-12 15:09:18,357 - root - INFO - [34mModel mixed_residual default [31msize: 76,375,552 total parameters[39m
[rank0]:[titan] 2026-09-12 15:09:18,357 - root - INFO - Compiling the loss function with torch.compile
[rank0]:[titan] 2026-09-12 15:09:18,365 - root - INFO - Building device mesh with parallelism: pp=1, dp_replicate=1, dp_shard=1, cp=1, tp=1, ep=1
[rank0]:[titan] 2026-09-12 15:09:18,369 - root - INFO - Successfully created meshes with active dimensions: []
[rank0]:[titan] 2026-09-12 15:09:18,374 - root - INFO - Compiling each TransformerBlock with torch.compile
[rank0]:[titan] 2026-09-12 15:09:18,389 - root - INFO - Applied FSDP to the model
[rank0]:[titan] 2026-09-12 15:09:19,070 - root - WARNING - Error running lspci: [Errno 2] No such file or directory: 'lspci', fallback to use device_name
[rank0]:[titan] 2026-09-12 15:09:19,070 - root - INFO - Peak FLOPS used for computing MFU: 2.250e+15
[rank0]:[titan] 2026-09-12 15:09:19,070 - root - INFO - CUDA memory usage for model: 0.76GiB(0.28%)
[rank0]:[titan] 2026-09-12 15:09:19,071 - root - INFO - Optimizer AdamW (model_part=0): 59 params [.*] {'fused': True, 'foreach': False, 'lr': 0.03, 'betas': (0.9, 0.95), 'eps': 1e-08, 'weight_decay': 0.1}
[rank0]:[titan] 2026-09-12 15:09:19,071 - root - INFO - Loading tokenizer from tokenizer.json
[rank0]:[titan] 2026-09-12 15:09:19,504 - httpx - INFO - HTTP Request: HEAD https://s3.amazonaws.com/datasets.huggingface.co/datasets/datasets/json/json.py "HTTP/1.1 200 OK"
[rank0]:[titan] 2026-09-12 15:09:19,612 - root - WARNING - initial_load_model_only=True has no effect without an initial_load_path.
[rank0]:[titan] 2026-09-12 15:09:19,612 - root - INFO - Trainer is initialized with 65536 tokens per DP rank, 65536 tokens per train step, gradient accumulation steps 1, maximum context length 256, total steps 1200 (warmup 100)
[rank0]:[titan] 2026-09-12 15:09:19,613 - root - INFO - Training starts at step 1
[rank0]:[titan] 2026-09-12 15:09:22,232 - root - INFO - [31mstep:  1  [32mloss: 11.30359  [38;2;180;60;0mgrad_norm:  5.7703  [38;2;54;234;195mmemory: 11.27GiB(4.21%)  [34mtps: 16,913  [36mtflops: 5.35  [35mmfu: 0.24%[39m
[rank0]:[titan] 2026-09-12 15:09:22,360 - httpx - INFO - HTTP Request: HEAD https://s3.amazonaws.com/datasets.huggingface.co/datasets/datasets/json/json.py "HTTP/1.1 200 OK"
[rank0]:[titan] 2026-09-12 15:09:31,898 - root - INFO - [33mvalidate step:  1  [32mloss: 10.2305  [38;2;54;234;195mmemory: 13.29GiB(4.97%)  [34mtps: 339,005[39m
[rank0]:[titan] 2026-09-12 15:09:31,899 - root - INFO - Synchronizing and adjusting timeout for all ProcessGroups to 0:01:40
[rank0]:[titan] 2026-09-12 15:09:32,220 - root - INFO - Recorded CUDA graph
[rank0]:[titan] 2026-09-12 15:09:37,478 - root - INFO - [GC] Performing periodic GC collection took 0.02 seconds
[rank0]:[titan] 2026-09-12 15:09:43,180 - root - INFO - [GC] Performing periodic GC collection took 0.01 seconds
[rank0]:[titan] 2026-09-12 15:09:43,407 - root - INFO - [31mstep: 100  [32mloss:  6.88209  [38;2;180;60;0mgrad_norm:  0.1652  [38;2;54;234;195mmemory: 13.39GiB(5.00%)  [34mtps: 563,756  [36mtflops: 178.40  [35mmfu: 7.93%[39m
[rank0]:[titan] 2026-09-12 15:09:48,964 - root - INFO - [GC] Performing periodic GC collection took 0.01 seconds
[rank0]:[titan] 2026-09-12 15:09:54,710 - root - INFO - [GC] Performing periodic GC collection took 0.01 seconds
[rank0]:[titan] 2026-09-12 15:09:54,923 - root - INFO - [31mstep: 200  [32mloss:  6.67916  [38;2;180;60;0mgrad_norm:  0.3046  [38;2;54;234;195mmemory: 11.38GiB(4.25%)  [34mtps: 569,084  [36mtflops: 180.08  [35mmfu: 8.00%[39m
[rank0]:[titan] 2026-09-12 15:10:00,550 - root - INFO - [GC] Performing periodic GC collection took 0.02 seconds
[rank0]:[titan] 2026-09-12 15:10:06,252 - root - INFO - [GC] Performing periodic GC collection took 0.01 seconds
[rank0]:[titan] 2026-09-12 15:10:06,464 - root - INFO - [31mstep: 300  [32mloss:  6.97552  [38;2;180;60;0mgrad_norm:  3.1718  [38;2;54;234;195mmemory: 11.38GiB(4.25%)  [34mtps: 567,893  [36mtflops: 179.71  [35mmfu: 7.99%[39m
[rank0]:[titan] 2026-09-12 15:10:12,020 - root - INFO - [GC] Performing periodic GC collection took 0.01 seconds
[rank0]:[titan] 2026-09-12 15:10:17,759 - root - INFO - [GC] Performing periodic GC collection took 0.01 seconds
[rank0]:[titan] 2026-09-12 15:10:17,971 - root - INFO - [31mstep: 400  [32mloss:  6.85581  [38;2;180;60;0mgrad_norm:  1.2203  [38;2;54;234;195mmemory: 11.38GiB(4.25%)  [34mtps: 569,525  [36mtflops: 180.22  [35mmfu: 8.01%[39m
[rank0]:[titan] 2026-09-12 15:10:23,547 - root - INFO - [GC] Performing periodic GC collection took 0.01 seconds
[rank0]:[titan] 2026-09-12 15:10:29,271 - root - INFO - [GC] Performing periodic GC collection took 0.01 seconds
[rank0]:[titan] 2026-09-12 15:10:29,485 - root - INFO - [31mstep: 500  [32mloss:  6.71257  [38;2;180;60;0mgrad_norm:  0.6486  [38;2;54;234;195mmemory: 11.38GiB(4.25%)  [34mtps: 569,198  [36mtflops: 180.12  [35mmfu: 8.01%[39m
[rank0]:[titan] 2026-09-12 15:10:35,040 - root - INFO - [GC] Performing periodic GC collection took 0.01 seconds
[rank0]:[titan] 2026-09-12 15:10:40,821 - root - INFO - [GC] Performing periodic GC collection took 0.01 seconds
[rank0]:[titan] 2026-09-12 15:10:41,033 - root - INFO - [31mstep: 600  [32mloss:  6.54944  [38;2;180;60;0mgrad_norm:  0.4790  [38;2;54;234;195mmemory: 11.38GiB(4.25%)  [34mtps: 567,517  [36mtflops: 179.59  [35mmfu: 7.98%[39m
[rank0]:[titan] 2026-09-12 15:10:46,589 - root - INFO - [GC] Performing periodic GC collection took 0.01 seconds
[rank0]:[titan] 2026-09-12 15:10:52,337 - root - INFO - [GC] Performing periodic GC collection took 0.01 seconds
[rank0]:[titan] 2026-09-12 15:10:52,552 - root - INFO - [31mstep: 700  [32mloss:  6.63887  [38;2;180;60;0mgrad_norm:  0.6272  [38;2;54;234;195mmemory: 11.38GiB(4.25%)  [34mtps: 568,939  [36mtflops: 180.04  [35mmfu: 8.00%[39m
[rank0]:[titan] 2026-09-12 15:10:58,151 - root - INFO - [GC] Performing periodic GC collection took 0.01 seconds
[rank0]:[titan] 2026-09-12 15:11:03,908 - root - INFO - [GC] Performing periodic GC collection took 0.01 seconds
[rank0]:[titan] 2026-09-12 15:11:04,120 - root - INFO - [31mstep: 800  [32mloss:  6.33061  [38;2;180;60;0mgrad_norm:  0.2664  [38;2;54;234;195mmemory: 11.38GiB(4.25%)  [34mtps: 566,557  [36mtflops: 179.29  [35mmfu: 7.97%[39m
[rank0]:[titan] 2026-09-12 15:11:09,739 - root - INFO - [GC] Performing periodic GC collection took 0.01 seconds
[rank0]:[titan] 2026-09-12 15:11:15,456 - root - INFO - [GC] Performing periodic GC collection took 0.01 seconds
[rank0]:[titan] 2026-09-12 15:11:15,685 - root - INFO - [31mstep: 900  [32mloss:  6.06434  [38;2;180;60;0mgrad_norm:  0.1877  [38;2;54;234;195mmemory: 11.38GiB(4.25%)  [34mtps: 566,716  [36mtflops: 179.34  [35mmfu: 7.97%[39m
[rank0]:[titan] 2026-09-12 15:11:21,261 - root - INFO - [GC] Performing periodic GC collection took 0.01 seconds
[rank0]:[titan] 2026-09-12 15:11:27,006 - root - INFO - [GC] Performing periodic GC collection took 0.01 seconds
[rank0]:[titan] 2026-09-12 15:11:27,233 - root - INFO - [31mstep: 1000  [32mloss:  6.14634  [38;2;180;60;0mgrad_norm:  0.3237  [38;2;54;234;195mmemory: 11.38GiB(4.25%)  [34mtps: 567,520  [36mtflops: 179.59  [35mmfu: 7.98%[39m
[rank0]:[titan] 2026-09-12 15:11:32,791 - root - INFO - [GC] Performing periodic GC collection took 0.01 seconds
[rank0]:[titan] 2026-09-12 15:11:38,528 - root - INFO - [GC] Performing periodic GC collection took 0.01 seconds
[rank0]:[titan] 2026-09-12 15:11:38,740 - root - INFO - [31mstep: 1100  [32mloss:  5.91705  [38;2;180;60;0mgrad_norm:  0.1372  [38;2;54;234;195mmemory: 11.38GiB(4.25%)  [34mtps: 569,527  [36mtflops: 180.22  [35mmfu: 8.01%[39m
[rank0]:[titan] 2026-09-12 15:11:44,305 - root - INFO - [GC] Performing periodic GC collection took 0.01 seconds
[rank0]:[titan] 2026-09-12 15:11:50,105 - root - INFO - [GC] Performing periodic GC collection took 0.01 seconds
[rank0]:[titan] 2026-09-12 15:11:50,334 - root - INFO - [31mstep: 1200  [32mloss:  5.94309  [38;2;180;60;0mgrad_norm:  0.1264  [38;2;54;234;195mmemory: 11.38GiB(4.25%)  [34mtps: 565,286  [36mtflops: 178.88  [35mmfu: 7.95%[39m
[rank0]:[titan] 2026-09-12 15:11:50,723 - httpx - INFO - HTTP Request: HEAD https://s3.amazonaws.com/datasets.huggingface.co/datasets/datasets/json/json.py "HTTP/1.1 200 OK"
[rank0]:[titan] 2026-09-12 15:11:55,360 - root - INFO - [33mvalidate step: 1200  [32mloss:  6.0245  [38;2;54;234;195mmemory: 13.40GiB(5.01%)  [34mtps: 652,021[39m
[rank0]:[titan] 2026-09-12 15:11:55,361 - root - INFO - Sleeping 2 seconds for other ranks to complete
[rank0]:[titan] 2026-09-12 15:11:57,361 - root - INFO - Training completed
[rank0]:[titan] 2026-09-12 15:11:57,741 - root - INFO - Process group destroyed
