+ NGPU=1
+ export LOG_RANK=0
+ LOG_RANK=0
+ MODULE=torchtitan.experiments.mixed_residual
+ CONFIG=mixed_residual_default
+ COMM_MODE=
+ TORCHFT_LIGHTHOUSE=http://localhost:29510
+ [[ -n '' ]]
+ '[' '' = fake_backend ']'
+ PYTORCH_ALLOC_CONF=expandable_segments:True
+ TORCHFT_LIGHTHOUSE=http://localhost:29510
+ torchrun --nproc_per_node=1 --rdzv_backend c10d --rdzv_endpoint=localhost:0 --local-ranks-filter 0 --role rank --tee 3 -m torchtitan.train --module torchtitan.experiments.mixed_residual --config mixed_residual_default --optimizer.param-groups.0.optimizer-kwargs.lr 1e-2 --debug.seed 0 --dump-folder ./outputs/mr_default_1e-2_s0
[rank0]:WARNING:absl:Failed to load jax profiler: cannot import name 'jaxlib_extension_version' from 'jax._src.lib' (/opt/sglang/lib/python3.12/site-packages/jax/_src/lib/__init__.py)
[rank0]:/opt/sglang/lib/python3.12/site-packages/torch/_inductor/lowering.py:2826: UserWarning: Torchinductor does not support code generation for complex operators. Performance may be worse than eager.
[rank0]:  warnings.warn(
[rank0]:[titan] 2026-09-12 15:09:15,679 - root - INFO - torchtitan version: 0.0.0+unknown (0.0.0 means __version__ is not defined correctly).
[rank0]:[titan] 2026-09-12 15:09:15,682 - root - WARNING - initial_load_model_only=True has no effect without an initial_load_path.
[rank0]:[titan] 2026-09-12 15:09:15,736 - root - WARNING - initial_load_model_only=True has no effect without an initial_load_path.
[rank0]:[titan] 2026-09-12 15:09:15,737 - torchtitan.observability.structured_logger.jsonl_handler - INFO - Structured logging -> JSONL: /home/brayden/torchtitan/outputs/mr_default_1e-2_s0/structured_logs/training.global_rank_0.20260912-150915-1I4CWG.jsonl
[rank0]:[titan] 2026-09-12 15:09:16,162 - root - INFO - Enabled BF16x9 emulation for FP32 CUDA matmuls
[rank0]:[titan] 2026-09-12 15:09:16,163 - root - WARNING - ENV[TORCH_NCCL_ASYNC_ERROR_HANDLING] = 1 will be overridden to 3 based on job config
[rank0]:[titan] 2026-09-12 15:09:16,738 - root - INFO - [GC] Initial GC collection took 0.00 seconds
[rank0]:[titan] 2026-09-12 15:09:16,740 - root - INFO - Building mixed_residual default
[rank0]:[titan] 2026-09-12 15:09:16,757 - root - INFO - CUDA capacity: NVIDIA B300 SXM6 AC with 267.68GiB memory
[rank0]:[titan] 2026-09-12 15:09:16,757 - root - WARNING - Error running lspci: [Errno 2] No such file or directory: 'lspci', fallback to use device_name
[rank0]:[titan] 2026-09-12 15:09:16,758 - root - INFO - Total parameter count: 76,375,552, active parameters: 50,643,968
[rank0]:[titan] 2026-09-12 15:09:16,758 - root - INFO - [34mModel mixed_residual default [31msize: 76,375,552 total parameters[39m
[rank0]:[titan] 2026-09-12 15:09:16,758 - root - INFO - Compiling the loss function with torch.compile
[rank0]:[titan] 2026-09-12 15:09:16,766 - root - INFO - Building device mesh with parallelism: pp=1, dp_replicate=1, dp_shard=1, cp=1, tp=1, ep=1
[rank0]:[titan] 2026-09-12 15:09:16,770 - root - INFO - Successfully created meshes with active dimensions: []
[rank0]:[titan] 2026-09-12 15:09:16,775 - root - INFO - Compiling each TransformerBlock with torch.compile
[rank0]:[titan] 2026-09-12 15:09:16,791 - root - INFO - Applied FSDP to the model
[rank0]:[titan] 2026-09-12 15:09:17,284 - root - WARNING - Error running lspci: [Errno 2] No such file or directory: 'lspci', fallback to use device_name
[rank0]:[titan] 2026-09-12 15:09:17,284 - root - INFO - Peak FLOPS used for computing MFU: 2.250e+15
[rank0]:[titan] 2026-09-12 15:09:17,284 - root - INFO - CUDA memory usage for model: 0.76GiB(0.28%)
[rank0]:[titan] 2026-09-12 15:09:17,284 - root - INFO - Optimizer AdamW (model_part=0): 59 params [.*] {'fused': True, 'foreach': False, 'lr': 0.01, 'betas': (0.9, 0.95), 'eps': 1e-08, 'weight_decay': 0.1}
[rank0]:[titan] 2026-09-12 15:09:17,285 - root - INFO - Loading tokenizer from tokenizer.json
[rank0]:[titan] 2026-09-12 15:09:17,725 - httpx - INFO - HTTP Request: HEAD https://s3.amazonaws.com/datasets.huggingface.co/datasets/datasets/json/json.py "HTTP/1.1 200 OK"
[rank0]:[titan] 2026-09-12 15:09:17,834 - root - WARNING - initial_load_model_only=True has no effect without an initial_load_path.
[rank0]:[titan] 2026-09-12 15:09:17,834 - root - INFO - Trainer is initialized with 65536 tokens per DP rank, 65536 tokens per train step, gradient accumulation steps 1, maximum context length 256, total steps 1200 (warmup 100)
[rank0]:[titan] 2026-09-12 15:09:17,834 - root - INFO - Training starts at step 1
[rank0]:[titan] 2026-09-12 15:09:20,505 - root - INFO - [31mstep:  1  [32mloss: 11.30359  [38;2;180;60;0mgrad_norm:  5.7703  [38;2;54;234;195mmemory: 11.27GiB(4.21%)  [34mtps: 17,489  [36mtflops: 5.53  [35mmfu: 0.25%[39m
[rank0]:[titan] 2026-09-12 15:09:20,633 - httpx - INFO - HTTP Request: HEAD https://s3.amazonaws.com/datasets.huggingface.co/datasets/datasets/json/json.py "HTTP/1.1 200 OK"
[rank0]:[titan] 2026-09-12 15:09:30,599 - root - INFO - [33mvalidate step:  1  [32mloss: 10.6248  [38;2;54;234;195mmemory: 13.29GiB(4.97%)  [34mtps: 324,625[39m
[rank0]:[titan] 2026-09-12 15:09:30,600 - root - INFO - Synchronizing and adjusting timeout for all ProcessGroups to 0:01:40
[rank0]:[titan] 2026-09-12 15:09:30,953 - root - INFO - Recorded CUDA graph
[rank0]:[titan] 2026-09-12 15:09:36,428 - root - INFO - [GC] Performing periodic GC collection took 0.02 seconds
[rank0]:[titan] 2026-09-12 15:09:42,298 - root - INFO - [GC] Performing periodic GC collection took 0.01 seconds
[rank0]:[titan] 2026-09-12 15:09:42,553 - root - INFO - [31mstep: 100  [32mloss:  6.51516  [38;2;180;60;0mgrad_norm:  0.2601  [38;2;54;234;195mmemory: 13.39GiB(5.00%)  [34mtps: 542,784  [36mtflops: 171.76  [35mmfu: 7.63%[39m
[rank0]:[titan] 2026-09-12 15:09:48,289 - root - INFO - [GC] Performing periodic GC collection took 0.01 seconds
[rank0]:[titan] 2026-09-12 15:09:54,224 - root - INFO - [GC] Performing periodic GC collection took 0.01 seconds
[rank0]:[titan] 2026-09-12 15:09:54,438 - root - INFO - [31mstep: 200  [32mloss:  6.08275  [38;2;180;60;0mgrad_norm:  0.1807  [38;2;54;234;195mmemory: 11.38GiB(4.25%)  [34mtps: 551,434  [36mtflops: 174.50  [35mmfu: 7.76%[39m
[rank0]:[titan] 2026-09-12 15:10:00,244 - root - INFO - [GC] Performing periodic GC collection took 0.01 seconds
[rank0]:[titan] 2026-09-12 15:10:06,186 - root - INFO - [GC] Performing periodic GC collection took 0.01 seconds
[rank0]:[titan] 2026-09-12 15:10:06,399 - root - INFO - [31mstep: 300  [32mloss:  6.14717  [38;2;180;60;0mgrad_norm:  0.1926  [38;2;54;234;195mmemory: 11.38GiB(4.25%)  [34mtps: 547,902  [36mtflops: 173.38  [35mmfu: 7.71%[39m
[rank0]:[titan] 2026-09-12 15:10:12,115 - root - INFO - [GC] Performing periodic GC collection took 0.01 seconds
[rank0]:[titan] 2026-09-12 15:10:18,094 - root - INFO - [GC] Performing periodic GC collection took 0.01 seconds
[rank0]:[titan] 2026-09-12 15:10:18,309 - root - INFO - [31mstep: 400  [32mloss:  5.86348  [38;2;180;60;0mgrad_norm:  0.1692  [38;2;54;234;195mmemory: 11.38GiB(4.25%)  [34mtps: 550,294  [36mtflops: 174.14  [35mmfu: 7.74%[39m
[rank0]:[titan] 2026-09-12 15:10:24,189 - root - INFO - [GC] Performing periodic GC collection took 0.01 seconds
[rank0]:[titan] 2026-09-12 15:10:30,221 - root - INFO - [GC] Performing periodic GC collection took 0.01 seconds
[rank0]:[titan] 2026-09-12 15:10:30,436 - root - INFO - [31mstep: 500  [32mloss:  5.66271  [38;2;180;60;0mgrad_norm:  0.1158  [38;2;54;234;195mmemory: 11.38GiB(4.25%)  [34mtps: 540,406  [36mtflops: 171.01  [35mmfu: 7.60%[39m
[rank0]:[titan] 2026-09-12 15:10:36,191 - root - INFO - [GC] Performing periodic GC collection took 0.01 seconds
[rank0]:[titan] 2026-09-12 15:10:42,141 - root - INFO - [GC] Performing periodic GC collection took 0.01 seconds
[rank0]:[titan] 2026-09-12 15:10:42,355 - root - INFO - [31mstep: 600  [32mloss:  5.55004  [38;2;180;60;0mgrad_norm:  0.1026  [38;2;54;234;195mmemory: 11.38GiB(4.25%)  [34mtps: 549,840  [36mtflops: 174.00  [35mmfu: 7.73%[39m
[rank0]:[titan] 2026-09-12 15:10:48,089 - root - INFO - [GC] Performing periodic GC collection took 0.01 seconds
[rank0]:[titan] 2026-09-12 15:10:53,851 - root - INFO - [GC] Performing periodic GC collection took 0.01 seconds
[rank0]:[titan] 2026-09-12 15:10:54,065 - root - INFO - [31mstep: 700  [32mloss:  5.57561  [38;2;180;60;0mgrad_norm:  0.1148  [38;2;54;234;195mmemory: 11.38GiB(4.25%)  [34mtps: 559,694  [36mtflops: 177.11  [35mmfu: 7.87%[39m
[rank0]:[titan] 2026-09-12 15:10:59,635 - root - INFO - [GC] Performing periodic GC collection took 0.01 seconds
[rank0]:[titan] 2026-09-12 15:11:05,334 - root - INFO - [GC] Performing periodic GC collection took 0.01 seconds
[rank0]:[titan] 2026-09-12 15:11:05,547 - root - INFO - [31mstep: 800  [32mloss:  5.32976  [38;2;180;60;0mgrad_norm:  0.0950  [38;2;54;234;195mmemory: 11.38GiB(4.25%)  [34mtps: 570,771  [36mtflops: 180.62  [35mmfu: 8.03%[39m
[rank0]:[titan] 2026-09-12 15:11:11,140 - root - INFO - [GC] Performing periodic GC collection took 0.01 seconds
[rank0]:[titan] 2026-09-12 15:11:16,839 - root - INFO - [GC] Performing periodic GC collection took 0.01 seconds
[rank0]:[titan] 2026-09-12 15:11:17,066 - root - INFO - [31mstep: 900  [32mloss:  5.10692  [38;2;180;60;0mgrad_norm:  0.0930  [38;2;54;234;195mmemory: 11.38GiB(4.25%)  [34mtps: 568,957  [36mtflops: 180.04  [35mmfu: 8.00%[39m
[rank0]:[titan] 2026-09-12 15:11:22,629 - root - INFO - [GC] Performing periodic GC collection took 0.01 seconds
[rank0]:[titan] 2026-09-12 15:11:28,367 - root - INFO - [GC] Performing periodic GC collection took 0.01 seconds
[rank0]:[titan] 2026-09-12 15:11:28,592 - root - INFO - [31mstep: 1000  [32mloss:  5.25093  [38;2;180;60;0mgrad_norm:  0.0765  [38;2;54;234;195mmemory: 11.38GiB(4.25%)  [34mtps: 568,630  [36mtflops: 179.94  [35mmfu: 8.00%[39m
[rank0]:[titan] 2026-09-12 15:11:34,136 - root - INFO - [GC] Performing periodic GC collection took 0.01 seconds
[rank0]:[titan] 2026-09-12 15:11:39,853 - root - INFO - [GC] Performing periodic GC collection took 0.01 seconds
[rank0]:[titan] 2026-09-12 15:11:40,067 - root - INFO - [31mstep: 1100  [32mloss:  5.04793  [38;2;180;60;0mgrad_norm:  0.0708  [38;2;54;234;195mmemory: 11.38GiB(4.25%)  [34mtps: 571,105  [36mtflops: 180.72  [35mmfu: 8.03%[39m
[rank0]:[titan] 2026-09-12 15:11:45,628 - root - INFO - [GC] Performing periodic GC collection took 0.01 seconds
[rank0]:[titan] 2026-09-12 15:11:51,421 - root - INFO - [GC] Performing periodic GC collection took 0.01 seconds
[rank0]:[titan] 2026-09-12 15:11:51,649 - root - INFO - [31mstep: 1200  [32mloss:  5.06510  [38;2;180;60;0mgrad_norm:  0.0954  [38;2;54;234;195mmemory: 11.38GiB(4.25%)  [34mtps: 565,864  [36mtflops: 179.07  [35mmfu: 7.96%[39m
[rank0]:[titan] 2026-09-12 15:11:52,003 - httpx - INFO - HTTP Request: HEAD https://s3.amazonaws.com/datasets.huggingface.co/datasets/datasets/json/json.py "HTTP/1.1 200 OK"
[rank0]:[titan] 2026-09-12 15:11:56,605 - root - INFO - [33mvalidate step: 1200  [32mloss:  5.1232  [38;2;54;234;195mmemory: 13.40GiB(5.01%)  [34mtps: 661,245[39m
[rank0]:[titan] 2026-09-12 15:11:56,606 - root - INFO - Sleeping 2 seconds for other ranks to complete
[rank0]:[titan] 2026-09-12 15:11:58,606 - root - INFO - Training completed
[rank0]:[titan] 2026-09-12 15:11:58,886 - root - INFO - Process group destroyed
