+ NGPU=1
+ export LOG_RANK=0
+ LOG_RANK=0
+ MODULE=torchtitan.experiments.mixed_residual
+ CONFIG=mixed_residual_mixed
+ COMM_MODE=
+ TORCHFT_LIGHTHOUSE=http://localhost:29510
+ [[ -n '' ]]
+ '[' '' = fake_backend ']'
+ PYTORCH_ALLOC_CONF=expandable_segments:True
+ TORCHFT_LIGHTHOUSE=http://localhost:29510
+ torchrun --nproc_per_node=1 --rdzv_backend c10d --rdzv_endpoint=localhost:0 --local-ranks-filter 0 --role rank --tee 3 -m torchtitan.train --module torchtitan.experiments.mixed_residual --config mixed_residual_mixed --optimizer.param-groups.0.optimizer-kwargs.lr 3e-2 --debug.seed 1 --dump-folder ./outputs/mr_mixed_3e-2_s1
[rank0]:WARNING:absl:Failed to load jax profiler: cannot import name 'jaxlib_extension_version' from 'jax._src.lib' (/opt/sglang/lib/python3.12/site-packages/jax/_src/lib/__init__.py)
[rank0]:[titan] 2026-09-12 15:15:12,885 - root - INFO - torchtitan version: 0.0.0+unknown (0.0.0 means __version__ is not defined correctly).
[rank0]:[titan] 2026-09-12 15:15:12,888 - root - WARNING - initial_load_model_only=True has no effect without an initial_load_path.
[rank0]:[titan] 2026-09-12 15:15:12,942 - root - WARNING - initial_load_model_only=True has no effect without an initial_load_path.
[rank0]:[titan] 2026-09-12 15:15:12,942 - torchtitan.observability.structured_logger.jsonl_handler - INFO - Structured logging -> JSONL: /home/brayden/torchtitan/outputs/mr_mixed_3e-2_s1/structured_logs/training.global_rank_0.20260912-151512-SIK8XR.jsonl
[rank0]:[titan] 2026-09-12 15:15:13,748 - root - INFO - Enabled BF16x9 emulation for FP32 CUDA matmuls
[rank0]:[titan] 2026-09-12 15:15:13,748 - root - WARNING - ENV[TORCH_NCCL_ASYNC_ERROR_HANDLING] = 1 will be overridden to 3 based on job config
[rank0]:[titan] 2026-09-12 15:15:14,599 - root - INFO - [GC] Initial GC collection took 0.00 seconds
[rank0]:[titan] 2026-09-12 15:15:14,601 - root - INFO - Building mixed_residual mixed
[rank0]:[titan] 2026-09-12 15:15:14,618 - root - INFO - CUDA capacity: NVIDIA B300 SXM6 AC with 267.68GiB memory
[rank0]:[titan] 2026-09-12 15:15:14,618 - root - WARNING - Error running lspci: [Errno 2] No such file or directory: 'lspci', fallback to use device_name
[rank0]:[titan] 2026-09-12 15:15:14,619 - root - INFO - Total parameter count: 76,375,552, active parameters: 50,643,968
[rank0]:[titan] 2026-09-12 15:15:14,619 - root - INFO - [34mModel mixed_residual mixed [31msize: 76,375,552 total parameters[39m
[rank0]:[titan] 2026-09-12 15:15:14,619 - root - INFO - Compiling the loss function with torch.compile
[rank0]:[titan] 2026-09-12 15:15:14,627 - root - INFO - Building device mesh with parallelism: pp=1, dp_replicate=1, dp_shard=1, cp=1, tp=1, ep=1
[rank0]:[titan] 2026-09-12 15:15:14,631 - root - INFO - Successfully created meshes with active dimensions: []
[rank0]:[titan] 2026-09-12 15:15:14,636 - root - INFO - Compiling each TransformerBlock with torch.compile
[rank0]:[titan] 2026-09-12 15:15:14,652 - root - INFO - Applied FSDP to the model
[rank0]:[titan] 2026-09-12 15:15:15,164 - root - WARNING - Error running lspci: [Errno 2] No such file or directory: 'lspci', fallback to use device_name
[rank0]:[titan] 2026-09-12 15:15:15,165 - root - INFO - Peak FLOPS used for computing MFU: 2.250e+15
[rank0]:[titan] 2026-09-12 15:15:15,165 - root - INFO - CUDA memory usage for model: 0.76GiB(0.28%)
[rank0]:[titan] 2026-09-12 15:15:15,165 - root - INFO - Optimizer AdamW (model_part=0): 59 params [.*] {'fused': True, 'foreach': False, 'lr': 0.03, 'betas': (0.9, 0.95), 'eps': 1e-08, 'weight_decay': 0.1}
[rank0]:[titan] 2026-09-12 15:15:15,166 - root - INFO - Loading tokenizer from tokenizer.json
[rank0]:[titan] 2026-09-12 15:15:15,593 - httpx - INFO - HTTP Request: HEAD https://s3.amazonaws.com/datasets.huggingface.co/datasets/datasets/json/json.py "HTTP/1.1 200 OK"
[rank0]:[titan] 2026-09-12 15:15:15,701 - root - WARNING - initial_load_model_only=True has no effect without an initial_load_path.
[rank0]:[titan] 2026-09-12 15:15:15,701 - root - INFO - Trainer is initialized with 65536 tokens per DP rank, 65536 tokens per train step, gradient accumulation steps 1, maximum context length 256, total steps 1200 (warmup 100)
[rank0]:[titan] 2026-09-12 15:15:15,701 - root - INFO - Training starts at step 1
[rank0]:[titan] 2026-09-12 15:15:18,290 - root - INFO - [31mstep:  1  [32mloss: 11.28501  [38;2;180;60;0mgrad_norm:  6.1450  [38;2;54;234;195mmemory: 11.29GiB(4.22%)  [34mtps: 17,850  [36mtflops: 5.65  [35mmfu: 0.25%[39m
[rank0]:[titan] 2026-09-12 15:15:18,416 - httpx - INFO - HTTP Request: HEAD https://s3.amazonaws.com/datasets.huggingface.co/datasets/datasets/json/json.py "HTTP/1.1 200 OK"
[rank0]:[titan] 2026-09-12 15:15:23,994 - root - INFO - [33mvalidate step:  1  [32mloss: 10.1752  [38;2;54;234;195mmemory: 13.33GiB(4.98%)  [34mtps: 574,506[39m
[rank0]:[titan] 2026-09-12 15:15:23,995 - root - INFO - Synchronizing and adjusting timeout for all ProcessGroups to 0:01:40
[rank0]:[titan] 2026-09-12 15:15:24,460 - root - INFO - Recorded CUDA graph
[rank0]:[titan] 2026-09-12 15:15:29,770 - root - INFO - [GC] Performing periodic GC collection took 0.02 seconds
[rank0]:[titan] 2026-09-12 15:15:35,533 - root - INFO - [GC] Performing periodic GC collection took 0.01 seconds
[rank0]:[titan] 2026-09-12 15:15:35,763 - root - INFO - [31mstep: 100  [32mloss:  6.82594  [38;2;180;60;0mgrad_norm:  0.1456  [38;2;54;234;195mmemory: 13.43GiB(5.02%)  [34mtps: 551,321  [36mtflops: 174.46  [35mmfu: 7.75%[39m
[rank0]:[titan] 2026-09-12 15:15:41,412 - root - INFO - [GC] Performing periodic GC collection took 0.01 seconds
[rank0]:[titan] 2026-09-12 15:15:47,214 - root - INFO - [GC] Performing periodic GC collection took 0.01 seconds
[rank0]:[titan] 2026-09-12 15:15:47,430 - root - INFO - [31mstep: 200  [32mloss:  6.69163  [38;2;180;60;0mgrad_norm:  0.5615  [38;2;54;234;195mmemory: 11.40GiB(4.26%)  [34mtps: 561,734  [36mtflops: 177.76  [35mmfu: 7.90%[39m
[rank0]:[titan] 2026-09-12 15:15:53,093 - root - INFO - [GC] Performing periodic GC collection took 0.01 seconds
[rank0]:[titan] 2026-09-12 15:15:58,846 - root - INFO - [GC] Performing periodic GC collection took 0.01 seconds
[rank0]:[titan] 2026-09-12 15:15:59,060 - root - INFO - [31mstep: 300  [32mloss:  6.98616  [38;2;180;60;0mgrad_norm:  0.8193  [38;2;54;234;195mmemory: 11.40GiB(4.26%)  [34mtps: 563,486  [36mtflops: 178.31  [35mmfu: 7.93%[39m
[rank0]:[titan] 2026-09-12 15:16:04,653 - root - INFO - [GC] Performing periodic GC collection took 0.01 seconds
[rank0]:[titan] 2026-09-12 15:16:10,431 - root - INFO - [GC] Performing periodic GC collection took 0.01 seconds
[rank0]:[titan] 2026-09-12 15:16:10,647 - root - INFO - [31mstep: 400  [32mloss:  7.01311  [38;2;180;60;0mgrad_norm:  1.9431  [38;2;54;234;195mmemory: 11.40GiB(4.26%)  [34mtps: 565,629  [36mtflops: 178.99  [35mmfu: 7.96%[39m
[rank0]:[titan] 2026-09-12 15:16:16,267 - root - INFO - [GC] Performing periodic GC collection took 0.01 seconds
[rank0]:[titan] 2026-09-12 15:16:22,102 - root - INFO - [GC] Performing periodic GC collection took 0.01 seconds
[rank0]:[titan] 2026-09-12 15:16:22,317 - root - INFO - [31mstep: 500  [32mloss:  6.98451  [38;2;180;60;0mgrad_norm:  1.4412  [38;2;54;234;195mmemory: 11.40GiB(4.26%)  [34mtps: 561,579  [36mtflops: 177.71  [35mmfu: 7.90%[39m
[rank0]:[titan] 2026-09-12 15:16:27,981 - root - INFO - [GC] Performing periodic GC collection took 0.01 seconds
[rank0]:[titan] 2026-09-12 15:16:33,873 - root - INFO - [GC] Performing periodic GC collection took 0.01 seconds
[rank0]:[titan] 2026-09-12 15:16:34,087 - root - INFO - [31mstep: 600  [32mloss:  6.70333  [38;2;180;60;0mgrad_norm:  0.7652  [38;2;54;234;195mmemory: 11.40GiB(4.26%)  [34mtps: 556,822  [36mtflops: 176.20  [35mmfu: 7.83%[39m
[rank0]:[titan] 2026-09-12 15:16:39,744 - root - INFO - [GC] Performing periodic GC collection took 0.01 seconds
[rank0]:[titan] 2026-09-12 15:16:45,598 - root - INFO - [GC] Performing periodic GC collection took 0.01 seconds
[rank0]:[titan] 2026-09-12 15:16:45,815 - root - INFO - [31mstep: 700  [32mloss:  6.81040  [38;2;180;60;0mgrad_norm:  0.4642  [38;2;54;234;195mmemory: 11.40GiB(4.26%)  [34mtps: 558,803  [36mtflops: 176.83  [35mmfu: 7.86%[39m
[rank0]:[titan] 2026-09-12 15:16:51,510 - root - INFO - [GC] Performing periodic GC collection took 0.01 seconds
[rank0]:[titan] 2026-09-12 15:16:57,371 - root - INFO - [GC] Performing periodic GC collection took 0.01 seconds
[rank0]:[titan] 2026-09-12 15:16:57,587 - root - INFO - [31mstep: 800  [32mloss:  6.51159  [38;2;180;60;0mgrad_norm:  0.4887  [38;2;54;234;195mmemory: 11.40GiB(4.26%)  [34mtps: 556,742  [36mtflops: 176.18  [35mmfu: 7.83%[39m
[rank0]:[titan] 2026-09-12 15:17:03,307 - root - INFO - [GC] Performing periodic GC collection took 0.01 seconds
[rank0]:[titan] 2026-09-12 15:17:09,137 - root - INFO - [GC] Performing periodic GC collection took 0.01 seconds
[rank0]:[titan] 2026-09-12 15:17:09,375 - root - INFO - [31mstep: 900  [32mloss:  6.21784  [38;2;180;60;0mgrad_norm:  0.4038  [38;2;54;234;195mmemory: 11.40GiB(4.26%)  [34mtps: 555,984  [36mtflops: 175.94  [35mmfu: 7.82%[39m
[rank0]:[titan] 2026-09-12 15:17:15,095 - root - INFO - [GC] Performing periodic GC collection took 0.01 seconds
[rank0]:[titan] 2026-09-12 15:17:20,938 - root - INFO - [GC] Performing periodic GC collection took 0.01 seconds
[rank0]:[titan] 2026-09-12 15:17:21,175 - root - INFO - [31mstep: 1000  [32mloss:  6.29677  [38;2;180;60;0mgrad_norm:  0.3286  [38;2;54;234;195mmemory: 11.40GiB(4.26%)  [34mtps: 555,374  [36mtflops: 175.75  [35mmfu: 7.81%[39m
[rank0]:[titan] 2026-09-12 15:17:26,860 - root - INFO - [GC] Performing periodic GC collection took 0.01 seconds
[rank0]:[titan] 2026-09-12 15:17:32,696 - root - INFO - [GC] Performing periodic GC collection took 0.01 seconds
[rank0]:[titan] 2026-09-12 15:17:32,911 - root - INFO - [31mstep: 1100  [32mloss:  6.08140  [38;2;180;60;0mgrad_norm:  0.1887  [38;2;54;234;195mmemory: 11.40GiB(4.26%)  [34mtps: 558,436  [36mtflops: 176.72  [35mmfu: 7.85%[39m
[rank0]:[titan] 2026-09-12 15:17:38,566 - root - INFO - [GC] Performing periodic GC collection took 0.01 seconds
[rank0]:[titan] 2026-09-12 15:17:44,447 - root - INFO - [GC] Performing periodic GC collection took 0.01 seconds
[rank0]:[titan] 2026-09-12 15:17:44,674 - root - INFO - [31mstep: 1200  [32mloss:  6.11418  [38;2;180;60;0mgrad_norm:  0.1371  [38;2;54;234;195mmemory: 11.40GiB(4.26%)  [34mtps: 557,155  [36mtflops: 176.31  [35mmfu: 7.84%[39m
[rank0]:[titan] 2026-09-12 15:17:45,047 - httpx - INFO - HTTP Request: HEAD https://s3.amazonaws.com/datasets.huggingface.co/datasets/datasets/json/json.py "HTTP/1.1 200 OK"
[rank0]:[titan] 2026-09-12 15:17:49,669 - root - INFO - [33mvalidate step: 1200  [32mloss:  6.1893  [38;2;54;234;195mmemory: 13.44GiB(5.02%)  [34mtps: 656,052[39m
[rank0]:[titan] 2026-09-12 15:17:49,670 - root - INFO - Sleeping 2 seconds for other ranks to complete
[rank0]:[titan] 2026-09-12 15:17:51,670 - root - INFO - Training completed
[rank0]:[titan] 2026-09-12 15:17:52,082 - root - INFO - Process group destroyed
