+ NGPU=1
+ export LOG_RANK=0
+ LOG_RANK=0
+ MODULE=torchtitan.experiments.mixed_residual
+ CONFIG=mixed_residual_mixed
+ COMM_MODE=
+ TORCHFT_LIGHTHOUSE=http://localhost:29510
+ [[ -n '' ]]
+ '[' '' = fake_backend ']'
+ PYTORCH_ALLOC_CONF=expandable_segments:True
+ TORCHFT_LIGHTHOUSE=http://localhost:29510
+ torchrun --nproc_per_node=1 --rdzv_backend c10d --rdzv_endpoint=localhost:0 --local-ranks-filter 0 --role rank --tee 3 -m torchtitan.train --module torchtitan.experiments.mixed_residual --config mixed_residual_mixed --optimizer.param-groups.0.optimizer-kwargs.lr 1e-4 --debug.seed 0 --dump-folder ./outputs/mr_mixed_1e-4_s0
[rank0]:WARNING:absl:Failed to load jax profiler: cannot import name 'jaxlib_extension_version' from 'jax._src.lib' (/opt/sglang/lib/python3.12/site-packages/jax/_src/lib/__init__.py)
[rank0]:[titan] 2026-09-12 15:09:17,504 - root - INFO - torchtitan version: 0.0.0+unknown (0.0.0 means __version__ is not defined correctly).
[rank0]:[titan] 2026-09-12 15:09:17,508 - root - WARNING - initial_load_model_only=True has no effect without an initial_load_path.
[rank0]:[titan] 2026-09-12 15:09:17,562 - root - WARNING - initial_load_model_only=True has no effect without an initial_load_path.
[rank0]:[titan] 2026-09-12 15:09:17,563 - torchtitan.observability.structured_logger.jsonl_handler - INFO - Structured logging -> JSONL: /home/brayden/torchtitan/outputs/mr_mixed_1e-4_s0/structured_logs/training.global_rank_0.20260912-150917-CZKPM5.jsonl
[rank0]:[titan] 2026-09-12 15:09:18,378 - root - INFO - Enabled BF16x9 emulation for FP32 CUDA matmuls
[rank0]:[titan] 2026-09-12 15:09:18,378 - root - WARNING - ENV[TORCH_NCCL_ASYNC_ERROR_HANDLING] = 1 will be overridden to 3 based on job config
[rank0]:[titan] 2026-09-12 15:09:19,010 - root - INFO - [GC] Initial GC collection took 0.00 seconds
[rank0]:[titan] 2026-09-12 15:09:19,013 - root - INFO - Building mixed_residual mixed
[rank0]:[titan] 2026-09-12 15:09:19,033 - root - INFO - CUDA capacity: NVIDIA B300 SXM6 AC with 267.68GiB memory
[rank0]:[titan] 2026-09-12 15:09:19,034 - root - WARNING - Error running lspci: [Errno 2] No such file or directory: 'lspci', fallback to use device_name
[rank0]:[titan] 2026-09-12 15:09:19,034 - root - INFO - Total parameter count: 76,375,552, active parameters: 50,643,968
[rank0]:[titan] 2026-09-12 15:09:19,034 - root - INFO - [34mModel mixed_residual mixed [31msize: 76,375,552 total parameters[39m
[rank0]:[titan] 2026-09-12 15:09:19,034 - root - INFO - Compiling the loss function with torch.compile
[rank0]:[titan] 2026-09-12 15:09:19,044 - root - INFO - Building device mesh with parallelism: pp=1, dp_replicate=1, dp_shard=1, cp=1, tp=1, ep=1
[rank0]:[titan] 2026-09-12 15:09:19,050 - root - INFO - Successfully created meshes with active dimensions: []
[rank0]:[titan] 2026-09-12 15:09:19,057 - root - INFO - Compiling each TransformerBlock with torch.compile
[rank0]:[titan] 2026-09-12 15:09:19,073 - root - INFO - Applied FSDP to the model
[rank0]:[titan] 2026-09-12 15:09:19,570 - root - WARNING - Error running lspci: [Errno 2] No such file or directory: 'lspci', fallback to use device_name
[rank0]:[titan] 2026-09-12 15:09:19,570 - root - INFO - Peak FLOPS used for computing MFU: 2.250e+15
[rank0]:[titan] 2026-09-12 15:09:19,570 - root - INFO - CUDA memory usage for model: 0.76GiB(0.28%)
[rank0]:[titan] 2026-09-12 15:09:19,571 - root - INFO - Optimizer AdamW (model_part=0): 59 params [.*] {'fused': True, 'foreach': False, 'lr': 0.0001, 'betas': (0.9, 0.95), 'eps': 1e-08, 'weight_decay': 0.1}
[rank0]:[titan] 2026-09-12 15:09:19,571 - root - INFO - Loading tokenizer from tokenizer.json
[rank0]:[titan] 2026-09-12 15:09:20,008 - httpx - INFO - HTTP Request: HEAD https://s3.amazonaws.com/datasets.huggingface.co/datasets/datasets/json/json.py "HTTP/1.1 200 OK"
[rank0]:[titan] 2026-09-12 15:09:20,123 - root - WARNING - initial_load_model_only=True has no effect without an initial_load_path.
[rank0]:[titan] 2026-09-12 15:09:20,123 - root - INFO - Trainer is initialized with 65536 tokens per DP rank, 65536 tokens per train step, gradient accumulation steps 1, maximum context length 256, total steps 1200 (warmup 100)
[rank0]:[titan] 2026-09-12 15:09:20,123 - root - INFO - Training starts at step 1
[rank0]:[titan] 2026-09-12 15:09:23,066 - root - INFO - [31mstep:  1  [32mloss: 11.29541  [38;2;180;60;0mgrad_norm:  5.5700  [38;2;54;234;195mmemory: 11.29GiB(4.22%)  [34mtps: 16,253  [36mtflops: 5.14  [35mmfu: 0.23%[39m
[rank0]:[titan] 2026-09-12 15:09:23,191 - httpx - INFO - HTTP Request: HEAD https://s3.amazonaws.com/datasets.huggingface.co/datasets/datasets/json/json.py "HTTP/1.1 200 OK"
[rank0]:[titan] 2026-09-12 15:09:32,019 - root - INFO - [33mvalidate step:  1  [32mloss: 11.2804  [38;2;54;234;195mmemory: 13.33GiB(4.98%)  [34mtps: 366,019[39m
[rank0]:[titan] 2026-09-12 15:09:32,021 - root - INFO - Synchronizing and adjusting timeout for all ProcessGroups to 0:01:40
[rank0]:[titan] 2026-09-12 15:09:32,377 - root - INFO - Recorded CUDA graph
[rank0]:[titan] 2026-09-12 15:09:37,783 - root - INFO - [GC] Performing periodic GC collection took 0.02 seconds
[rank0]:[titan] 2026-09-12 15:09:43,624 - root - INFO - [GC] Performing periodic GC collection took 0.01 seconds
[rank0]:[titan] 2026-09-12 15:09:43,858 - root - INFO - [31mstep: 100  [32mloss:  7.51088  [38;2;180;60;0mgrad_norm:  0.8787  [38;2;54;234;195mmemory: 13.43GiB(5.02%)  [34mtps: 548,040  [36mtflops: 173.43  [35mmfu: 7.71%[39m
[rank0]:[titan] 2026-09-12 15:09:49,557 - root - INFO - [GC] Performing periodic GC collection took 0.01 seconds
[rank0]:[titan] 2026-09-12 15:09:55,451 - root - INFO - [GC] Performing periodic GC collection took 0.01 seconds
[rank0]:[titan] 2026-09-12 15:09:55,665 - root - INFO - [31mstep: 200  [32mloss:  6.63038  [38;2;180;60;0mgrad_norm:  1.0790  [38;2;54;234;195mmemory: 11.40GiB(4.26%)  [34mtps: 555,067  [36mtflops: 175.65  [35mmfu: 7.81%[39m
[rank0]:[titan] 2026-09-12 15:10:01,430 - root - INFO - [GC] Performing periodic GC collection took 0.01 seconds
[rank0]:[titan] 2026-09-12 15:10:07,288 - root - INFO - [GC] Performing periodic GC collection took 0.01 seconds
[rank0]:[titan] 2026-09-12 15:10:07,502 - root - INFO - [31mstep: 300  [32mloss:  6.51664  [38;2;180;60;0mgrad_norm:  1.5705  [38;2;54;234;195mmemory: 11.40GiB(4.26%)  [34mtps: 553,709  [36mtflops: 175.22  [35mmfu: 7.79%[39m
[rank0]:[titan] 2026-09-12 15:10:13,187 - root - INFO - [GC] Performing periodic GC collection took 0.01 seconds
[rank0]:[titan] 2026-09-12 15:10:19,070 - root - INFO - [GC] Performing periodic GC collection took 0.01 seconds
[rank0]:[titan] 2026-09-12 15:10:19,284 - root - INFO - [31mstep: 400  [32mloss:  6.26546  [38;2;180;60;0mgrad_norm:  1.2395  [38;2;54;234;195mmemory: 11.40GiB(4.26%)  [34mtps: 556,231  [36mtflops: 176.02  [35mmfu: 7.82%[39m
[rank0]:[titan] 2026-09-12 15:10:24,990 - root - INFO - [GC] Performing periodic GC collection took 0.01 seconds
[rank0]:[titan] 2026-09-12 15:10:30,894 - root - INFO - [GC] Performing periodic GC collection took 0.01 seconds
[rank0]:[titan] 2026-09-12 15:10:31,110 - root - INFO - [31mstep: 500  [32mloss:  6.06474  [38;2;180;60;0mgrad_norm:  0.8845  [38;2;54;234;195mmemory: 11.40GiB(4.26%)  [34mtps: 554,222  [36mtflops: 175.38  [35mmfu: 7.79%[39m
[rank0]:[titan] 2026-09-12 15:10:36,807 - root - INFO - [GC] Performing periodic GC collection took 0.01 seconds
[rank0]:[titan] 2026-09-12 15:10:42,720 - root - INFO - [GC] Performing periodic GC collection took 0.01 seconds
[rank0]:[titan] 2026-09-12 15:10:42,934 - root - INFO - [31mstep: 600  [32mloss:  5.93603  [38;2;180;60;0mgrad_norm:  0.9262  [38;2;54;234;195mmemory: 11.40GiB(4.26%)  [34mtps: 554,249  [36mtflops: 175.39  [35mmfu: 7.80%[39m
[rank0]:[titan] 2026-09-12 15:10:48,639 - root - INFO - [GC] Performing periodic GC collection took 0.01 seconds
[rank0]:[titan] 2026-09-12 15:10:54,494 - root - INFO - [GC] Performing periodic GC collection took 0.01 seconds
[rank0]:[titan] 2026-09-12 15:10:54,713 - root - INFO - [31mstep: 700  [32mloss:  6.06763  [38;2;180;60;0mgrad_norm:  0.9087  [38;2;54;234;195mmemory: 11.40GiB(4.26%)  [34mtps: 556,434  [36mtflops: 176.08  [35mmfu: 7.83%[39m
[rank0]:[titan] 2026-09-12 15:11:00,392 - root - INFO - [GC] Performing periodic GC collection took 0.01 seconds
[rank0]:[titan] 2026-09-12 15:11:06,245 - root - INFO - [GC] Performing periodic GC collection took 0.01 seconds
[rank0]:[titan] 2026-09-12 15:11:06,459 - root - INFO - [31mstep: 800  [32mloss:  5.83570  [38;2;180;60;0mgrad_norm:  0.8552  [38;2;54;234;195mmemory: 11.40GiB(4.26%)  [34mtps: 557,944  [36mtflops: 176.56  [35mmfu: 7.85%[39m
[rank0]:[titan] 2026-09-12 15:11:12,191 - root - INFO - [GC] Performing periodic GC collection took 0.01 seconds
[rank0]:[titan] 2026-09-12 15:11:17,992 - root - INFO - [GC] Performing periodic GC collection took 0.01 seconds
[rank0]:[titan] 2026-09-12 15:11:18,228 - root - INFO - [31mstep: 900  [32mloss:  5.63786  [38;2;180;60;0mgrad_norm:  0.9954  [38;2;54;234;195mmemory: 11.40GiB(4.26%)  [34mtps: 556,853  [36mtflops: 176.21  [35mmfu: 7.83%[39m
[rank0]:[titan] 2026-09-12 15:11:23,874 - root - INFO - [GC] Performing periodic GC collection took 0.01 seconds
[rank0]:[titan] 2026-09-12 15:11:29,677 - root - INFO - [GC] Performing periodic GC collection took 0.01 seconds
[rank0]:[titan] 2026-09-12 15:11:29,907 - root - INFO - [31mstep: 1000  [32mloss:  5.81334  [38;2;180;60;0mgrad_norm:  0.8669  [38;2;54;234;195mmemory: 11.40GiB(4.26%)  [34mtps: 561,143  [36mtflops: 177.57  [35mmfu: 7.89%[39m
[rank0]:[titan] 2026-09-12 15:11:35,523 - root - INFO - [GC] Performing periodic GC collection took 0.01 seconds
[rank0]:[titan] 2026-09-12 15:11:41,331 - root - INFO - [GC] Performing periodic GC collection took 0.01 seconds
[rank0]:[titan] 2026-09-12 15:11:41,546 - root - INFO - [31mstep: 1100  [32mloss:  5.61895  [38;2;180;60;0mgrad_norm:  0.9010  [38;2;54;234;195mmemory: 11.40GiB(4.26%)  [34mtps: 563,113  [36mtflops: 178.20  [35mmfu: 7.92%[39m
[rank0]:[titan] 2026-09-12 15:11:47,196 - root - INFO - [GC] Performing periodic GC collection took 0.01 seconds
[rank0]:[titan] 2026-09-12 15:11:53,092 - root - INFO - [GC] Performing periodic GC collection took 0.01 seconds
[rank0]:[titan] 2026-09-12 15:11:53,324 - root - INFO - [31mstep: 1200  [32mloss:  5.66686  [38;2;180;60;0mgrad_norm:  0.8864  [38;2;54;234;195mmemory: 11.40GiB(4.26%)  [34mtps: 556,462  [36mtflops: 176.09  [35mmfu: 7.83%[39m
[rank0]:[titan] 2026-09-12 15:11:53,709 - httpx - INFO - HTTP Request: HEAD https://s3.amazonaws.com/datasets.huggingface.co/datasets/datasets/json/json.py "HTTP/1.1 200 OK"
[rank0]:[titan] 2026-09-12 15:11:58,452 - root - INFO - [33mvalidate step: 1200  [32mloss:  5.7418  [38;2;54;234;195mmemory: 13.44GiB(5.02%)  [34mtps: 638,926[39m
[rank0]:[titan] 2026-09-12 15:11:58,453 - root - INFO - Sleeping 2 seconds for other ranks to complete
[rank0]:[titan] 2026-09-12 15:12:00,454 - root - INFO - Training completed
[rank0]:[titan] 2026-09-12 15:12:00,720 - root - INFO - Process group destroyed
