+ NGPU=1
+ export LOG_RANK=0
+ LOG_RANK=0
+ MODULE=torchtitan.experiments.mixed_residual
+ CONFIG=mixed_residual_mixed
+ COMM_MODE=
+ TORCHFT_LIGHTHOUSE=http://localhost:29510
+ [[ -n '' ]]
+ '[' '' = fake_backend ']'
+ PYTORCH_ALLOC_CONF=expandable_segments:True
+ TORCHFT_LIGHTHOUSE=http://localhost:29510
+ torchrun --nproc_per_node=1 --rdzv_backend c10d --rdzv_endpoint=localhost:0 --local-ranks-filter 0 --role rank --tee 3 -m torchtitan.train --module torchtitan.experiments.mixed_residual --config mixed_residual_mixed --optimizer.param-groups.0.optimizer-kwargs.lr 3e-4 --debug.seed 0 --dump-folder ./outputs/mr_mixed_3e-4_s0
[rank0]:WARNING:absl:Failed to load jax profiler: cannot import name 'jaxlib_extension_version' from 'jax._src.lib' (/opt/sglang/lib/python3.12/site-packages/jax/_src/lib/__init__.py)
[rank0]:[titan] 2026-09-12 15:09:17,242 - root - INFO - torchtitan version: 0.0.0+unknown (0.0.0 means __version__ is not defined correctly).
[rank0]:[titan] 2026-09-12 15:09:17,245 - root - WARNING - initial_load_model_only=True has no effect without an initial_load_path.
[rank0]:[titan] 2026-09-12 15:09:17,298 - root - WARNING - initial_load_model_only=True has no effect without an initial_load_path.
[rank0]:[titan] 2026-09-12 15:09:17,299 - torchtitan.observability.structured_logger.jsonl_handler - INFO - Structured logging -> JSONL: /home/brayden/torchtitan/outputs/mr_mixed_3e-4_s0/structured_logs/training.global_rank_0.20260912-150917-RVWF2H.jsonl
[rank0]:[titan] 2026-09-12 15:09:18,078 - root - INFO - Enabled BF16x9 emulation for FP32 CUDA matmuls
[rank0]:[titan] 2026-09-12 15:09:18,078 - root - WARNING - ENV[TORCH_NCCL_ASYNC_ERROR_HANDLING] = 1 will be overridden to 3 based on job config
[rank0]:[titan] 2026-09-12 15:09:18,638 - root - INFO - [GC] Initial GC collection took 0.00 seconds
[rank0]:[titan] 2026-09-12 15:09:18,641 - root - INFO - Building mixed_residual mixed
[rank0]:[titan] 2026-09-12 15:09:18,657 - root - INFO - CUDA capacity: NVIDIA B300 SXM6 AC with 267.68GiB memory
[rank0]:[titan] 2026-09-12 15:09:18,658 - root - WARNING - Error running lspci: [Errno 2] No such file or directory: 'lspci', fallback to use device_name
[rank0]:[titan] 2026-09-12 15:09:18,658 - root - INFO - Total parameter count: 76,375,552, active parameters: 50,643,968
[rank0]:[titan] 2026-09-12 15:09:18,658 - root - INFO - [34mModel mixed_residual mixed [31msize: 76,375,552 total parameters[39m
[rank0]:[titan] 2026-09-12 15:09:18,658 - root - INFO - Compiling the loss function with torch.compile
[rank0]:[titan] 2026-09-12 15:09:18,666 - root - INFO - Building device mesh with parallelism: pp=1, dp_replicate=1, dp_shard=1, cp=1, tp=1, ep=1
[rank0]:[titan] 2026-09-12 15:09:18,670 - root - INFO - Successfully created meshes with active dimensions: []
[rank0]:[titan] 2026-09-12 15:09:18,675 - root - INFO - Compiling each TransformerBlock with torch.compile
[rank0]:[titan] 2026-09-12 15:09:18,690 - root - INFO - Applied FSDP to the model
[rank0]:[titan] 2026-09-12 15:09:19,376 - root - WARNING - Error running lspci: [Errno 2] No such file or directory: 'lspci', fallback to use device_name
[rank0]:[titan] 2026-09-12 15:09:19,376 - root - INFO - Peak FLOPS used for computing MFU: 2.250e+15
[rank0]:[titan] 2026-09-12 15:09:19,376 - root - INFO - CUDA memory usage for model: 0.76GiB(0.28%)
[rank0]:[titan] 2026-09-12 15:09:19,377 - root - INFO - Optimizer AdamW (model_part=0): 59 params [.*] {'fused': True, 'foreach': False, 'lr': 0.0003, 'betas': (0.9, 0.95), 'eps': 1e-08, 'weight_decay': 0.1}
[rank0]:[titan] 2026-09-12 15:09:19,377 - root - INFO - Loading tokenizer from tokenizer.json
[rank0]:[titan] 2026-09-12 15:09:19,799 - httpx - INFO - HTTP Request: HEAD https://s3.amazonaws.com/datasets.huggingface.co/datasets/datasets/json/json.py "HTTP/1.1 200 OK"
[rank0]:[titan] 2026-09-12 15:09:19,908 - root - WARNING - initial_load_model_only=True has no effect without an initial_load_path.
[rank0]:[titan] 2026-09-12 15:09:19,908 - root - INFO - Trainer is initialized with 65536 tokens per DP rank, 65536 tokens per train step, gradient accumulation steps 1, maximum context length 256, total steps 1200 (warmup 100)
[rank0]:[titan] 2026-09-12 15:09:19,908 - root - INFO - Training starts at step 1
[rank0]:[titan] 2026-09-12 15:09:22,790 - root - INFO - [31mstep:  1  [32mloss: 11.29541  [38;2;180;60;0mgrad_norm:  5.5700  [38;2;54;234;195mmemory: 11.29GiB(4.22%)  [34mtps: 15,858  [36mtflops: 5.02  [35mmfu: 0.22%[39m
[rank0]:[titan] 2026-09-12 15:09:22,912 - httpx - INFO - HTTP Request: HEAD https://s3.amazonaws.com/datasets.huggingface.co/datasets/datasets/json/json.py "HTTP/1.1 200 OK"
[rank0]:[titan] 2026-09-12 15:09:30,055 - root - INFO - [33mvalidate step:  1  [32mloss: 11.2640  [38;2;54;234;195mmemory: 13.33GiB(4.98%)  [34mtps: 451,098[39m
[rank0]:[titan] 2026-09-12 15:09:30,056 - root - INFO - Synchronizing and adjusting timeout for all ProcessGroups to 0:01:40
[rank0]:[titan] 2026-09-12 15:09:30,441 - root - INFO - Recorded CUDA graph
[rank0]:[titan] 2026-09-12 15:09:35,766 - root - INFO - [GC] Performing periodic GC collection took 0.02 seconds
[rank0]:[titan] 2026-09-12 15:09:41,534 - root - INFO - [GC] Performing periodic GC collection took 0.01 seconds
[rank0]:[titan] 2026-09-12 15:09:41,763 - root - INFO - [31mstep: 100  [32mloss:  6.88501  [38;2;180;60;0mgrad_norm:  0.7839  [38;2;54;234;195mmemory: 13.43GiB(5.02%)  [34mtps: 554,154  [36mtflops: 175.36  [35mmfu: 7.79%[39m
[rank0]:[titan] 2026-09-12 15:09:47,425 - root - INFO - [GC] Performing periodic GC collection took 0.01 seconds
[rank0]:[titan] 2026-09-12 15:09:53,275 - root - INFO - [GC] Performing periodic GC collection took 0.01 seconds
[rank0]:[titan] 2026-09-12 15:09:53,491 - root - INFO - [31mstep: 200  [32mloss:  6.11280  [38;2;180;60;0mgrad_norm:  0.7943  [38;2;54;234;195mmemory: 11.40GiB(4.26%)  [34mtps: 558,812  [36mtflops: 176.83  [35mmfu: 7.86%[39m
[rank0]:[titan] 2026-09-12 15:09:59,167 - root - INFO - [GC] Performing periodic GC collection took 0.01 seconds
[rank0]:[titan] 2026-09-12 15:10:04,939 - root - INFO - [GC] Performing periodic GC collection took 0.01 seconds
[rank0]:[titan] 2026-09-12 15:10:05,155 - root - INFO - [31mstep: 300  [32mloss:  6.08335  [38;2;180;60;0mgrad_norm:  0.9715  [38;2;54;234;195mmemory: 11.40GiB(4.26%)  [34mtps: 561,887  [36mtflops: 177.81  [35mmfu: 7.90%[39m
[rank0]:[titan] 2026-09-12 15:10:10,768 - root - INFO - [GC] Performing periodic GC collection took 0.01 seconds
[rank0]:[titan] 2026-09-12 15:10:16,559 - root - INFO - [GC] Performing periodic GC collection took 0.01 seconds
[rank0]:[titan] 2026-09-12 15:10:16,775 - root - INFO - [31mstep: 400  [32mloss:  5.76248  [38;2;180;60;0mgrad_norm:  0.7027  [38;2;54;234;195mmemory: 11.40GiB(4.26%)  [34mtps: 564,036  [36mtflops: 178.49  [35mmfu: 7.93%[39m
[rank0]:[titan] 2026-09-12 15:10:22,405 - root - INFO - [GC] Performing periodic GC collection took 0.01 seconds
[rank0]:[titan] 2026-09-12 15:10:28,191 - root - INFO - [GC] Performing periodic GC collection took 0.01 seconds
[rank0]:[titan] 2026-09-12 15:10:28,407 - root - INFO - [31mstep: 500  [32mloss:  5.54322  [38;2;180;60;0mgrad_norm:  0.5756  [38;2;54;234;195mmemory: 11.40GiB(4.26%)  [34mtps: 563,395  [36mtflops: 178.28  [35mmfu: 7.92%[39m
[rank0]:[titan] 2026-09-12 15:10:34,021 - root - INFO - [GC] Performing periodic GC collection took 0.01 seconds
[rank0]:[titan] 2026-09-12 15:10:39,858 - root - INFO - [GC] Performing periodic GC collection took 0.01 seconds
[rank0]:[titan] 2026-09-12 15:10:40,073 - root - INFO - [31mstep: 600  [32mloss:  5.42934  [38;2;180;60;0mgrad_norm:  0.6066  [38;2;54;234;195mmemory: 11.40GiB(4.26%)  [34mtps: 561,801  [36mtflops: 177.78  [35mmfu: 7.90%[39m
[rank0]:[titan] 2026-09-12 15:10:45,698 - root - INFO - [GC] Performing periodic GC collection took 0.02 seconds
[rank0]:[titan] 2026-09-12 15:10:51,513 - root - INFO - [GC] Performing periodic GC collection took 0.01 seconds
[rank0]:[titan] 2026-09-12 15:10:51,730 - root - INFO - [31mstep: 700  [32mloss:  5.49483  [38;2;180;60;0mgrad_norm:  0.6368  [38;2;54;234;195mmemory: 11.40GiB(4.26%)  [34mtps: 562,203  [36mtflops: 177.91  [35mmfu: 7.91%[39m
[rank0]:[titan] 2026-09-12 15:10:57,364 - root - INFO - [GC] Performing periodic GC collection took 0.01 seconds
[rank0]:[titan] 2026-09-12 15:11:03,168 - root - INFO - [GC] Performing periodic GC collection took 0.01 seconds
[rank0]:[titan] 2026-09-12 15:11:03,381 - root - INFO - [31mstep: 800  [32mloss:  5.27134  [38;2;180;60;0mgrad_norm:  0.5564  [38;2;54;234;195mmemory: 11.40GiB(4.26%)  [34mtps: 562,532  [36mtflops: 178.01  [35mmfu: 7.91%[39m
[rank0]:[titan] 2026-09-12 15:11:09,068 - root - INFO - [GC] Performing periodic GC collection took 0.01 seconds
[rank0]:[titan] 2026-09-12 15:11:14,887 - root - INFO - [GC] Performing periodic GC collection took 0.01 seconds
[rank0]:[titan] 2026-09-12 15:11:15,122 - root - INFO - [31mstep: 900  [32mloss:  5.06474  [38;2;180;60;0mgrad_norm:  0.5892  [38;2;54;234;195mmemory: 11.40GiB(4.26%)  [34mtps: 558,190  [36mtflops: 176.64  [35mmfu: 7.85%[39m
[rank0]:[titan] 2026-09-12 15:11:20,826 - root - INFO - [GC] Performing periodic GC collection took 0.01 seconds
[rank0]:[titan] 2026-09-12 15:11:26,670 - root - INFO - [GC] Performing periodic GC collection took 0.01 seconds
[rank0]:[titan] 2026-09-12 15:11:26,903 - root - INFO - [31mstep: 1000  [32mloss:  5.25545  [38;2;180;60;0mgrad_norm:  0.5791  [38;2;54;234;195mmemory: 11.40GiB(4.26%)  [34mtps: 556,303  [36mtflops: 176.04  [35mmfu: 7.82%[39m
[rank0]:[titan] 2026-09-12 15:11:32,583 - root - INFO - [GC] Performing periodic GC collection took 0.01 seconds
[rank0]:[titan] 2026-09-12 15:11:38,441 - root - INFO - [GC] Performing periodic GC collection took 0.01 seconds
[rank0]:[titan] 2026-09-12 15:11:38,656 - root - INFO - [31mstep: 1100  [32mloss:  5.06386  [38;2;180;60;0mgrad_norm:  0.5128  [38;2;54;234;195mmemory: 11.40GiB(4.26%)  [34mtps: 557,626  [36mtflops: 176.46  [35mmfu: 7.84%[39m
[rank0]:[titan] 2026-09-12 15:11:44,288 - root - INFO - [GC] Performing periodic GC collection took 0.01 seconds
[rank0]:[titan] 2026-09-12 15:11:50,180 - root - INFO - [GC] Performing periodic GC collection took 0.01 seconds
[rank0]:[titan] 2026-09-12 15:11:50,410 - root - INFO - [31mstep: 1200  [32mloss:  5.08326  [38;2;180;60;0mgrad_norm:  0.6040  [38;2;54;234;195mmemory: 11.40GiB(4.26%)  [34mtps: 557,565  [36mtflops: 176.44  [35mmfu: 7.84%[39m
[rank0]:[titan] 2026-09-12 15:11:50,807 - httpx - INFO - HTTP Request: HEAD https://s3.amazonaws.com/datasets.huggingface.co/datasets/datasets/json/json.py "HTTP/1.1 200 OK"
[rank0]:[titan] 2026-09-12 15:11:55,726 - root - INFO - [33mvalidate step: 1200  [32mloss:  5.1493  [38;2;54;234;195mmemory: 13.44GiB(5.02%)  [34mtps: 616,399[39m
[rank0]:[titan] 2026-09-12 15:11:55,728 - root - INFO - Sleeping 2 seconds for other ranks to complete
[rank0]:[titan] 2026-09-12 15:11:57,728 - root - INFO - Training completed
[rank0]:[titan] 2026-09-12 15:11:57,778 - root - INFO - Process group destroyed
