+ NGPU=1
+ export LOG_RANK=0
+ LOG_RANK=0
+ MODULE=torchtitan.experiments.mixed_residual
+ CONFIG=mixed_residual_mixed
+ COMM_MODE=
+ TORCHFT_LIGHTHOUSE=http://localhost:29510
+ [[ -n '' ]]
+ '[' '' = fake_backend ']'
+ PYTORCH_ALLOC_CONF=expandable_segments:True
+ TORCHFT_LIGHTHOUSE=http://localhost:29510
+ torchrun --nproc_per_node=1 --rdzv_backend c10d --rdzv_endpoint=localhost:0 --local-ranks-filter 0 --role rank --tee 3 -m torchtitan.train --module torchtitan.experiments.mixed_residual --config mixed_residual_mixed --optimizer.param-groups.0.optimizer-kwargs.lr 3e-4 --debug.seed 1 --dump-folder ./outputs/mr_mixed_3e-4_s1
[rank0]:WARNING:absl:Failed to load jax profiler: cannot import name 'jaxlib_extension_version' from 'jax._src.lib' (/opt/sglang/lib/python3.12/site-packages/jax/_src/lib/__init__.py)
[rank0]:[titan] 2026-09-12 15:15:13,028 - root - INFO - torchtitan version: 0.0.0+unknown (0.0.0 means __version__ is not defined correctly).
[rank0]:[titan] 2026-09-12 15:15:13,032 - root - WARNING - initial_load_model_only=True has no effect without an initial_load_path.
[rank0]:[titan] 2026-09-12 15:15:13,086 - root - WARNING - initial_load_model_only=True has no effect without an initial_load_path.
[rank0]:[titan] 2026-09-12 15:15:13,086 - torchtitan.observability.structured_logger.jsonl_handler - INFO - Structured logging -> JSONL: /home/brayden/torchtitan/outputs/mr_mixed_3e-4_s1/structured_logs/training.global_rank_0.20260912-151513-XIAWJH.jsonl
[rank0]:[titan] 2026-09-12 15:15:13,856 - root - INFO - Enabled BF16x9 emulation for FP32 CUDA matmuls
[rank0]:[titan] 2026-09-12 15:15:13,856 - root - WARNING - ENV[TORCH_NCCL_ASYNC_ERROR_HANDLING] = 1 will be overridden to 3 based on job config
[rank0]:[titan] 2026-09-12 15:15:14,689 - root - INFO - [GC] Initial GC collection took 0.00 seconds
[rank0]:[titan] 2026-09-12 15:15:14,691 - root - INFO - Building mixed_residual mixed
[rank0]:[titan] 2026-09-12 15:15:14,709 - root - INFO - CUDA capacity: NVIDIA B300 SXM6 AC with 267.68GiB memory
[rank0]:[titan] 2026-09-12 15:15:14,710 - root - WARNING - Error running lspci: [Errno 2] No such file or directory: 'lspci', fallback to use device_name
[rank0]:[titan] 2026-09-12 15:15:14,710 - root - INFO - Total parameter count: 76,375,552, active parameters: 50,643,968
[rank0]:[titan] 2026-09-12 15:15:14,710 - root - INFO - [34mModel mixed_residual mixed [31msize: 76,375,552 total parameters[39m
[rank0]:[titan] 2026-09-12 15:15:14,710 - root - INFO - Compiling the loss function with torch.compile
[rank0]:[titan] 2026-09-12 15:15:14,719 - root - INFO - Building device mesh with parallelism: pp=1, dp_replicate=1, dp_shard=1, cp=1, tp=1, ep=1
[rank0]:[titan] 2026-09-12 15:15:14,723 - root - INFO - Successfully created meshes with active dimensions: []
[rank0]:[titan] 2026-09-12 15:15:14,729 - root - INFO - Compiling each TransformerBlock with torch.compile
[rank0]:[titan] 2026-09-12 15:15:14,746 - root - INFO - Applied FSDP to the model
[rank0]:[titan] 2026-09-12 15:15:15,250 - root - WARNING - Error running lspci: [Errno 2] No such file or directory: 'lspci', fallback to use device_name
[rank0]:[titan] 2026-09-12 15:15:15,250 - root - INFO - Peak FLOPS used for computing MFU: 2.250e+15
[rank0]:[titan] 2026-09-12 15:15:15,250 - root - INFO - CUDA memory usage for model: 0.76GiB(0.28%)
[rank0]:[titan] 2026-09-12 15:15:15,251 - root - INFO - Optimizer AdamW (model_part=0): 59 params [.*] {'fused': True, 'foreach': False, 'lr': 0.0003, 'betas': (0.9, 0.95), 'eps': 1e-08, 'weight_decay': 0.1}
[rank0]:[titan] 2026-09-12 15:15:15,251 - root - INFO - Loading tokenizer from tokenizer.json
[rank0]:[titan] 2026-09-12 15:15:15,693 - httpx - INFO - HTTP Request: HEAD https://s3.amazonaws.com/datasets.huggingface.co/datasets/datasets/json/json.py "HTTP/1.1 200 OK"
[rank0]:[titan] 2026-09-12 15:15:15,808 - root - WARNING - initial_load_model_only=True has no effect without an initial_load_path.
[rank0]:[titan] 2026-09-12 15:15:15,808 - root - INFO - Trainer is initialized with 65536 tokens per DP rank, 65536 tokens per train step, gradient accumulation steps 1, maximum context length 256, total steps 1200 (warmup 100)
[rank0]:[titan] 2026-09-12 15:15:15,808 - root - INFO - Training starts at step 1
[rank0]:[titan] 2026-09-12 15:15:19,514 - root - INFO - [31mstep:  1  [32mloss: 11.28501  [38;2;180;60;0mgrad_norm:  6.1450  [38;2;54;234;195mmemory: 11.29GiB(4.22%)  [34mtps: 13,642  [36mtflops: 4.32  [35mmfu: 0.19%[39m
[rank0]:[titan] 2026-09-12 15:15:19,642 - httpx - INFO - HTTP Request: HEAD https://s3.amazonaws.com/datasets.huggingface.co/datasets/datasets/json/json.py "HTTP/1.1 200 OK"
[rank0]:[titan] 2026-09-12 15:15:25,015 - root - INFO - [33mvalidate step:  1  [32mloss: 11.2671  [38;2;54;234;195mmemory: 13.33GiB(4.98%)  [34mtps: 595,678[39m
[rank0]:[titan] 2026-09-12 15:15:25,016 - root - INFO - Synchronizing and adjusting timeout for all ProcessGroups to 0:01:40
[rank0]:[titan] 2026-09-12 15:15:25,341 - root - INFO - Recorded CUDA graph
[rank0]:[titan] 2026-09-12 15:15:30,656 - root - INFO - [GC] Performing periodic GC collection took 0.01 seconds
[rank0]:[titan] 2026-09-12 15:15:36,424 - root - INFO - [GC] Performing periodic GC collection took 0.01 seconds
[rank0]:[titan] 2026-09-12 15:15:36,655 - root - INFO - [31mstep: 100  [32mloss:  6.90181  [38;2;180;60;0mgrad_norm:  0.8160  [38;2;54;234;195mmemory: 13.43GiB(5.02%)  [34mtps: 557,435  [36mtflops: 176.40  [35mmfu: 7.84%[39m
[rank0]:[titan] 2026-09-12 15:15:42,309 - root - INFO - [GC] Performing periodic GC collection took 0.01 seconds
[rank0]:[titan] 2026-09-12 15:15:48,124 - root - INFO - [GC] Performing periodic GC collection took 0.01 seconds
[rank0]:[titan] 2026-09-12 15:15:48,342 - root - INFO - [31mstep: 200  [32mloss:  6.11721  [38;2;180;60;0mgrad_norm:  0.7762  [38;2;54;234;195mmemory: 11.40GiB(4.26%)  [34mtps: 560,762  [36mtflops: 177.45  [35mmfu: 7.89%[39m
[rank0]:[titan] 2026-09-12 15:15:54,023 - root - INFO - [GC] Performing periodic GC collection took 0.01 seconds
[rank0]:[titan] 2026-09-12 15:15:59,807 - root - INFO - [GC] Performing periodic GC collection took 0.01 seconds
[rank0]:[titan] 2026-09-12 15:16:00,023 - root - INFO - [31mstep: 300  [32mloss:  6.09614  [38;2;180;60;0mgrad_norm:  1.5120  [38;2;54;234;195mmemory: 11.40GiB(4.26%)  [34mtps: 561,064  [36mtflops: 177.55  [35mmfu: 7.89%[39m
[rank0]:[titan] 2026-09-12 15:16:05,641 - root - INFO - [GC] Performing periodic GC collection took 0.01 seconds
[rank0]:[titan] 2026-09-12 15:16:11,446 - root - INFO - [GC] Performing periodic GC collection took 0.01 seconds
[rank0]:[titan] 2026-09-12 15:16:11,663 - root - INFO - [31mstep: 400  [32mloss:  5.75665  [38;2;180;60;0mgrad_norm:  0.6691  [38;2;54;234;195mmemory: 11.40GiB(4.26%)  [34mtps: 563,003  [36mtflops: 178.16  [35mmfu: 7.92%[39m
[rank0]:[titan] 2026-09-12 15:16:17,296 - root - INFO - [GC] Performing periodic GC collection took 0.01 seconds
[rank0]:[titan] 2026-09-12 15:16:23,087 - root - INFO - [GC] Performing periodic GC collection took 0.01 seconds
[rank0]:[titan] 2026-09-12 15:16:23,304 - root - INFO - [31mstep: 500  [32mloss:  5.54492  [38;2;180;60;0mgrad_norm:  0.5725  [38;2;54;234;195mmemory: 11.40GiB(4.26%)  [34mtps: 562,996  [36mtflops: 178.16  [35mmfu: 7.92%[39m
[rank0]:[titan] 2026-09-12 15:16:28,905 - root - INFO - [GC] Performing periodic GC collection took 0.01 seconds
[rank0]:[titan] 2026-09-12 15:16:34,730 - root - INFO - [GC] Performing periodic GC collection took 0.01 seconds
[rank0]:[titan] 2026-09-12 15:16:34,947 - root - INFO - [31mstep: 600  [32mloss:  5.41969  [38;2;180;60;0mgrad_norm:  0.5780  [38;2;54;234;195mmemory: 11.40GiB(4.26%)  [34mtps: 562,893  [36mtflops: 178.13  [35mmfu: 7.92%[39m
[rank0]:[titan] 2026-09-12 15:16:40,554 - root - INFO - [GC] Performing periodic GC collection took 0.01 seconds
[rank0]:[titan] 2026-09-12 15:16:46,357 - root - INFO - [GC] Performing periodic GC collection took 0.01 seconds
[rank0]:[titan] 2026-09-12 15:16:46,576 - root - INFO - [31mstep: 700  [32mloss:  5.49158  [38;2;180;60;0mgrad_norm:  0.6465  [38;2;54;234;195mmemory: 11.40GiB(4.26%)  [34mtps: 563,585  [36mtflops: 178.34  [35mmfu: 7.93%[39m
[rank0]:[titan] 2026-09-12 15:16:52,193 - root - INFO - [GC] Performing periodic GC collection took 0.01 seconds
[rank0]:[titan] 2026-09-12 15:16:57,982 - root - INFO - [GC] Performing periodic GC collection took 0.01 seconds
[rank0]:[titan] 2026-09-12 15:16:58,199 - root - INFO - [31mstep: 800  [32mloss:  5.26805  [38;2;180;60;0mgrad_norm:  0.5306  [38;2;54;234;195mmemory: 11.40GiB(4.26%)  [34mtps: 563,884  [36mtflops: 178.44  [35mmfu: 7.93%[39m
[rank0]:[titan] 2026-09-12 15:17:03,846 - root - INFO - [GC] Performing periodic GC collection took 0.01 seconds
[rank0]:[titan] 2026-09-12 15:17:09,603 - root - INFO - [GC] Performing periodic GC collection took 0.01 seconds
[rank0]:[titan] 2026-09-12 15:17:09,833 - root - INFO - [31mstep: 900  [32mloss:  5.07032  [38;2;180;60;0mgrad_norm:  0.5799  [38;2;54;234;195mmemory: 11.40GiB(4.26%)  [34mtps: 563,292  [36mtflops: 178.25  [35mmfu: 7.92%[39m
[rank0]:[titan] 2026-09-12 15:17:15,452 - root - INFO - [GC] Performing periodic GC collection took 0.01 seconds
[rank0]:[titan] 2026-09-12 15:17:21,248 - root - INFO - [GC] Performing periodic GC collection took 0.01 seconds
[rank0]:[titan] 2026-09-12 15:17:21,474 - root - INFO - [31mstep: 1000  [32mloss:  5.24676  [38;2;180;60;0mgrad_norm:  0.5606  [38;2;54;234;195mmemory: 11.40GiB(4.26%)  [34mtps: 562,981  [36mtflops: 178.15  [35mmfu: 7.92%[39m
[rank0]:[titan] 2026-09-12 15:17:27,077 - root - INFO - [GC] Performing periodic GC collection took 0.01 seconds
[rank0]:[titan] 2026-09-12 15:17:32,861 - root - INFO - [GC] Performing periodic GC collection took 0.01 seconds
[rank0]:[titan] 2026-09-12 15:17:33,078 - root - INFO - [31mstep: 1100  [32mloss:  5.06430  [38;2;180;60;0mgrad_norm:  0.5149  [38;2;54;234;195mmemory: 11.40GiB(4.26%)  [34mtps: 564,783  [36mtflops: 178.72  [35mmfu: 7.94%[39m
[rank0]:[titan] 2026-09-12 15:17:38,687 - root - INFO - [GC] Performing periodic GC collection took 0.01 seconds
[rank0]:[titan] 2026-09-12 15:17:44,535 - root - INFO - [GC] Performing periodic GC collection took 0.01 seconds
[rank0]:[titan] 2026-09-12 15:17:44,767 - root - INFO - [31mstep: 1200  [32mloss:  5.07878  [38;2;180;60;0mgrad_norm:  0.5921  [38;2;54;234;195mmemory: 11.40GiB(4.26%)  [34mtps: 560,711  [36mtflops: 177.44  [35mmfu: 7.89%[39m
[rank0]:[titan] 2026-09-12 15:17:45,141 - httpx - INFO - HTTP Request: HEAD https://s3.amazonaws.com/datasets.huggingface.co/datasets/datasets/json/json.py "HTTP/1.1 200 OK"
[rank0]:[titan] 2026-09-12 15:17:49,765 - root - INFO - [33mvalidate step: 1200  [32mloss:  5.1472  [38;2;54;234;195mmemory: 13.44GiB(5.02%)  [34mtps: 655,603[39m
[rank0]:[titan] 2026-09-12 15:17:49,766 - root - INFO - Sleeping 2 seconds for other ranks to complete
[rank0]:[titan] 2026-09-12 15:17:51,766 - root - INFO - Training completed
[rank0]:[titan] 2026-09-12 15:17:52,106 - root - INFO - Process group destroyed
