+ NGPU=1
+ export LOG_RANK=0
+ LOG_RANK=0
+ MODULE=torchtitan.experiments.mixed_residual
+ CONFIG=mixed_residual_mixed
+ COMM_MODE=
+ TORCHFT_LIGHTHOUSE=http://localhost:29510
+ [[ -n '' ]]
+ '[' '' = fake_backend ']'
+ PYTORCH_ALLOC_CONF=expandable_segments:True
+ TORCHFT_LIGHTHOUSE=http://localhost:29510
+ torchrun --nproc_per_node=1 --rdzv_backend c10d --rdzv_endpoint=localhost:0 --local-ranks-filter 0 --role rank --tee 3 -m torchtitan.train --module torchtitan.experiments.mixed_residual --config mixed_residual_mixed --optimizer.param-groups.0.optimizer-kwargs.lr 1e-4 --debug.seed 1 --dump-folder ./outputs/mr_mixed_1e-4_s1
[rank0]:WARNING:absl:Failed to load jax profiler: cannot import name 'jaxlib_extension_version' from 'jax._src.lib' (/opt/sglang/lib/python3.12/site-packages/jax/_src/lib/__init__.py)
[rank0]:[titan] 2026-09-12 15:15:13,223 - root - INFO - torchtitan version: 0.0.0+unknown (0.0.0 means __version__ is not defined correctly).
[rank0]:[titan] 2026-09-12 15:15:13,227 - root - WARNING - initial_load_model_only=True has no effect without an initial_load_path.
[rank0]:[titan] 2026-09-12 15:15:13,281 - root - WARNING - initial_load_model_only=True has no effect without an initial_load_path.
[rank0]:[titan] 2026-09-12 15:15:13,282 - torchtitan.observability.structured_logger.jsonl_handler - INFO - Structured logging -> JSONL: /home/brayden/torchtitan/outputs/mr_mixed_1e-4_s1/structured_logs/training.global_rank_0.20260912-151513-40JE67.jsonl
[rank0]:[titan] 2026-09-12 15:15:14,101 - root - INFO - Enabled BF16x9 emulation for FP32 CUDA matmuls
[rank0]:[titan] 2026-09-12 15:15:14,102 - root - WARNING - ENV[TORCH_NCCL_ASYNC_ERROR_HANDLING] = 1 will be overridden to 3 based on job config
[rank0]:[titan] 2026-09-12 15:15:14,720 - root - INFO - [GC] Initial GC collection took 0.00 seconds
[rank0]:[titan] 2026-09-12 15:15:14,722 - root - INFO - Building mixed_residual mixed
[rank0]:[titan] 2026-09-12 15:15:14,739 - root - INFO - CUDA capacity: NVIDIA B300 SXM6 AC with 267.68GiB memory
[rank0]:[titan] 2026-09-12 15:15:14,739 - root - WARNING - Error running lspci: [Errno 2] No such file or directory: 'lspci', fallback to use device_name
[rank0]:[titan] 2026-09-12 15:15:14,740 - root - INFO - Total parameter count: 76,375,552, active parameters: 50,643,968
[rank0]:[titan] 2026-09-12 15:15:14,740 - root - INFO - [34mModel mixed_residual mixed [31msize: 76,375,552 total parameters[39m
[rank0]:[titan] 2026-09-12 15:15:14,740 - root - INFO - Compiling the loss function with torch.compile
[rank0]:[titan] 2026-09-12 15:15:14,748 - root - INFO - Building device mesh with parallelism: pp=1, dp_replicate=1, dp_shard=1, cp=1, tp=1, ep=1
[rank0]:[titan] 2026-09-12 15:15:14,752 - root - INFO - Successfully created meshes with active dimensions: []
[rank0]:[titan] 2026-09-12 15:15:14,757 - root - INFO - Compiling each TransformerBlock with torch.compile
[rank0]:[titan] 2026-09-12 15:15:14,773 - root - INFO - Applied FSDP to the model
[rank0]:[titan] 2026-09-12 15:15:15,279 - root - WARNING - Error running lspci: [Errno 2] No such file or directory: 'lspci', fallback to use device_name
[rank0]:[titan] 2026-09-12 15:15:15,279 - root - INFO - Peak FLOPS used for computing MFU: 2.250e+15
[rank0]:[titan] 2026-09-12 15:15:15,279 - root - INFO - CUDA memory usage for model: 0.76GiB(0.28%)
[rank0]:[titan] 2026-09-12 15:15:15,280 - root - INFO - Optimizer AdamW (model_part=0): 59 params [.*] {'fused': True, 'foreach': False, 'lr': 0.0001, 'betas': (0.9, 0.95), 'eps': 1e-08, 'weight_decay': 0.1}
[rank0]:[titan] 2026-09-12 15:15:15,280 - root - INFO - Loading tokenizer from tokenizer.json
[rank0]:[titan] 2026-09-12 15:15:15,723 - httpx - INFO - HTTP Request: HEAD https://s3.amazonaws.com/datasets.huggingface.co/datasets/datasets/json/json.py "HTTP/1.1 200 OK"
[rank0]:[titan] 2026-09-12 15:15:15,839 - root - WARNING - initial_load_model_only=True has no effect without an initial_load_path.
[rank0]:[titan] 2026-09-12 15:15:15,839 - root - INFO - Trainer is initialized with 65536 tokens per DP rank, 65536 tokens per train step, gradient accumulation steps 1, maximum context length 256, total steps 1200 (warmup 100)
[rank0]:[titan] 2026-09-12 15:15:15,839 - root - INFO - Training starts at step 1
[rank0]:[titan] 2026-09-12 15:15:18,810 - root - INFO - [31mstep:  1  [32mloss: 11.28501  [38;2;180;60;0mgrad_norm:  6.1450  [38;2;54;234;195mmemory: 11.29GiB(4.22%)  [34mtps: 16,101  [36mtflops: 5.10  [35mmfu: 0.23%[39m
[rank0]:[titan] 2026-09-12 15:15:18,932 - httpx - INFO - HTTP Request: HEAD https://s3.amazonaws.com/datasets.huggingface.co/datasets/datasets/json/json.py "HTTP/1.1 200 OK"
[rank0]:[titan] 2026-09-12 15:15:24,419 - root - INFO - [33mvalidate step:  1  [32mloss: 11.2852  [38;2;54;234;195mmemory: 13.33GiB(4.98%)  [34mtps: 584,241[39m
[rank0]:[titan] 2026-09-12 15:15:24,420 - root - INFO - Synchronizing and adjusting timeout for all ProcessGroups to 0:01:40
[rank0]:[titan] 2026-09-12 15:15:24,738 - root - INFO - Recorded CUDA graph
[rank0]:[titan] 2026-09-12 15:15:30,055 - root - INFO - [GC] Performing periodic GC collection took 0.01 seconds
[rank0]:[titan] 2026-09-12 15:15:35,808 - root - INFO - [GC] Performing periodic GC collection took 0.01 seconds
[rank0]:[titan] 2026-09-12 15:15:36,037 - root - INFO - [31mstep: 100  [32mloss:  7.53030  [38;2;180;60;0mgrad_norm:  0.7826  [38;2;54;234;195mmemory: 13.43GiB(5.02%)  [34mtps: 558,430  [36mtflops: 176.71  [35mmfu: 7.85%[39m
[rank0]:[titan] 2026-09-12 15:15:41,679 - root - INFO - [GC] Performing periodic GC collection took 0.01 seconds
[rank0]:[titan] 2026-09-12 15:15:47,474 - root - INFO - [GC] Performing periodic GC collection took 0.01 seconds
[rank0]:[titan] 2026-09-12 15:15:47,692 - root - INFO - [31mstep: 200  [32mloss:  6.65254  [38;2;180;60;0mgrad_norm:  1.1323  [38;2;54;234;195mmemory: 11.40GiB(4.26%)  [34mtps: 562,326  [36mtflops: 177.95  [35mmfu: 7.91%[39m
[rank0]:[titan] 2026-09-12 15:15:53,350 - root - INFO - [GC] Performing periodic GC collection took 0.01 seconds
[rank0]:[titan] 2026-09-12 15:15:59,106 - root - INFO - [GC] Performing periodic GC collection took 0.01 seconds
[rank0]:[titan] 2026-09-12 15:15:59,323 - root - INFO - [31mstep: 300  [32mloss:  6.53044  [38;2;180;60;0mgrad_norm:  2.0278  [38;2;54;234;195mmemory: 11.40GiB(4.26%)  [34mtps: 563,477  [36mtflops: 178.31  [35mmfu: 7.92%[39m
[rank0]:[titan] 2026-09-12 15:16:04,927 - root - INFO - [GC] Performing periodic GC collection took 0.01 seconds
[rank0]:[titan] 2026-09-12 15:16:10,706 - root - INFO - [GC] Performing periodic GC collection took 0.01 seconds
[rank0]:[titan] 2026-09-12 15:16:10,923 - root - INFO - [31mstep: 400  [32mloss:  6.26705  [38;2;180;60;0mgrad_norm:  1.2096  [38;2;54;234;195mmemory: 11.40GiB(4.26%)  [34mtps: 564,949  [36mtflops: 178.78  [35mmfu: 7.95%[39m
[rank0]:[titan] 2026-09-12 15:16:16,544 - root - INFO - [GC] Performing periodic GC collection took 0.01 seconds
[rank0]:[titan] 2026-09-12 15:16:22,317 - root - INFO - [GC] Performing periodic GC collection took 0.01 seconds
[rank0]:[titan] 2026-09-12 15:16:22,534 - root - INFO - [31mstep: 500  [32mloss:  6.07512  [38;2;180;60;0mgrad_norm:  0.8343  [38;2;54;234;195mmemory: 11.40GiB(4.26%)  [34mtps: 564,482  [36mtflops: 178.63  [35mmfu: 7.94%[39m
[rank0]:[titan] 2026-09-12 15:16:28,136 - root - INFO - [GC] Performing periodic GC collection took 0.01 seconds
[rank0]:[titan] 2026-09-12 15:16:33,980 - root - INFO - [GC] Performing periodic GC collection took 0.01 seconds
[rank0]:[titan] 2026-09-12 15:16:34,197 - root - INFO - [31mstep: 600  [32mloss:  5.93589  [38;2;180;60;0mgrad_norm:  1.0598  [38;2;54;234;195mmemory: 11.40GiB(4.26%)  [34mtps: 561,880  [36mtflops: 177.81  [35mmfu: 7.90%[39m
[rank0]:[titan] 2026-09-12 15:16:39,811 - root - INFO - [GC] Performing periodic GC collection took 0.01 seconds
[rank0]:[titan] 2026-09-12 15:16:45,615 - root - INFO - [GC] Performing periodic GC collection took 0.01 seconds
[rank0]:[titan] 2026-09-12 15:16:45,834 - root - INFO - [31mstep: 700  [32mloss:  6.06874  [38;2;180;60;0mgrad_norm:  1.0664  [38;2;54;234;195mmemory: 11.40GiB(4.26%)  [34mtps: 563,184  [36mtflops: 178.22  [35mmfu: 7.92%[39m
[rank0]:[titan] 2026-09-12 15:16:51,447 - root - INFO - [GC] Performing periodic GC collection took 0.01 seconds
[rank0]:[titan] 2026-09-12 15:16:57,246 - root - INFO - [GC] Performing periodic GC collection took 0.01 seconds
[rank0]:[titan] 2026-09-12 15:16:57,462 - root - INFO - [31mstep: 800  [32mloss:  5.83816  [38;2;180;60;0mgrad_norm:  0.9094  [38;2;54;234;195mmemory: 11.40GiB(4.26%)  [34mtps: 563,622  [36mtflops: 178.36  [35mmfu: 7.93%[39m
[rank0]:[titan] 2026-09-12 15:17:03,116 - root - INFO - [GC] Performing periodic GC collection took 0.01 seconds
[rank0]:[titan] 2026-09-12 15:17:08,884 - root - INFO - [GC] Performing periodic GC collection took 0.01 seconds
[rank0]:[titan] 2026-09-12 15:17:09,113 - root - INFO - [31mstep: 900  [32mloss:  5.64096  [38;2;180;60;0mgrad_norm:  1.0315  [38;2;54;234;195mmemory: 11.40GiB(4.26%)  [34mtps: 562,506  [36mtflops: 178.00  [35mmfu: 7.91%[39m
[rank0]:[titan] 2026-09-12 15:17:14,740 - root - INFO - [GC] Performing periodic GC collection took 0.01 seconds
[rank0]:[titan] 2026-09-12 15:17:20,541 - root - INFO - [GC] Performing periodic GC collection took 0.01 seconds
[rank0]:[titan] 2026-09-12 15:17:20,768 - root - INFO - [31mstep: 1000  [32mloss:  5.81248  [38;2;180;60;0mgrad_norm:  0.9129  [38;2;54;234;195mmemory: 11.40GiB(4.26%)  [34mtps: 562,327  [36mtflops: 177.95  [35mmfu: 7.91%[39m
[rank0]:[titan] 2026-09-12 15:17:26,379 - root - INFO - [GC] Performing periodic GC collection took 0.01 seconds
[rank0]:[titan] 2026-09-12 15:17:32,166 - root - INFO - [GC] Performing periodic GC collection took 0.01 seconds
[rank0]:[titan] 2026-09-12 15:17:32,382 - root - INFO - [31mstep: 1100  [32mloss:  5.62284  [38;2;180;60;0mgrad_norm:  0.9252  [38;2;54;234;195mmemory: 11.40GiB(4.26%)  [34mtps: 564,304  [36mtflops: 178.57  [35mmfu: 7.94%[39m
[rank0]:[titan] 2026-09-12 15:17:37,997 - root - INFO - [GC] Performing periodic GC collection took 0.01 seconds
[rank0]:[titan] 2026-09-12 15:17:43,858 - root - INFO - [GC] Performing periodic GC collection took 0.01 seconds
[rank0]:[titan] 2026-09-12 15:17:44,088 - root - INFO - [31mstep: 1200  [32mloss:  5.66569  [38;2;180;60;0mgrad_norm:  0.9151  [38;2;54;234;195mmemory: 11.40GiB(4.26%)  [34mtps: 559,868  [36mtflops: 177.17  [35mmfu: 7.87%[39m
[rank0]:[titan] 2026-09-12 15:17:44,486 - httpx - INFO - HTTP Request: HEAD https://s3.amazonaws.com/datasets.huggingface.co/datasets/datasets/json/json.py "HTTP/1.1 200 OK"
[rank0]:[titan] 2026-09-12 15:17:49,229 - root - INFO - [33mvalidate step: 1200  [32mloss:  5.7442  [38;2;54;234;195mmemory: 13.44GiB(5.02%)  [34mtps: 637,376[39m
[rank0]:[titan] 2026-09-12 15:17:49,230 - root - INFO - Sleeping 2 seconds for other ranks to complete
[rank0]:[titan] 2026-09-12 15:17:51,230 - root - INFO - Training completed
[rank0]:[titan] 2026-09-12 15:17:51,373 - root - INFO - Process group destroyed
